Archive member included to satisfy reference by file (symbol)

/opt/stm32cubeide/plugins/com.st.stm32cube.ide.mcu.externaltools.gnu-tools-for-stm32.7-2018-q2-update.linux64_1.0.0.201904181610/tools/bin/../lib/gcc/arm-none-eabi/7.3.1/../../../../arm-none-eabi/lib/thumb/v7e-m/fpv4-sp/hard/libc_nano.a(lib_a-assert.o)
                              App/Src/app_main.o (__assert_func)
/opt/stm32cubeide/plugins/com.st.stm32cube.ide.mcu.externaltools.gnu-tools-for-stm32.7-2018-q2-update.linux64_1.0.0.201904181610/tools/bin/../lib/gcc/arm-none-eabi/7.3.1/../../../../arm-none-eabi/lib/thumb/v7e-m/fpv4-sp/hard/libc_nano.a(lib_a-errno.o)
                              Core/Src/syscalls.o (__errno)
/opt/stm32cubeide/plugins/com.st.stm32cube.ide.mcu.externaltools.gnu-tools-for-stm32.7-2018-q2-update.linux64_1.0.0.201904181610/tools/bin/../lib/gcc/arm-none-eabi/7.3.1/../../../../arm-none-eabi/lib/thumb/v7e-m/fpv4-sp/hard/libc_nano.a(lib_a-exit.o)
                              /opt/stm32cubeide/plugins/com.st.stm32cube.ide.mcu.externaltools.gnu-tools-for-stm32.7-2018-q2-update.linux64_1.0.0.201904181610/tools/bin/../lib/gcc/arm-none-eabi/7.3.1/../../../../arm-none-eabi/lib/thumb/v7e-m/fpv4-sp/hard/crt0.o (exit)
/opt/stm32cubeide/plugins/com.st.stm32cube.ide.mcu.externaltools.gnu-tools-for-stm32.7-2018-q2-update.linux64_1.0.0.201904181610/tools/bin/../lib/gcc/arm-none-eabi/7.3.1/../../../../arm-none-eabi/lib/thumb/v7e-m/fpv4-sp/hard/libc_nano.a(lib_a-fprintf.o)
                              /opt/stm32cubeide/plugins/com.st.stm32cube.ide.mcu.externaltools.gnu-tools-for-stm32.7-2018-q2-update.linux64_1.0.0.201904181610/tools/bin/../lib/gcc/arm-none-eabi/7.3.1/../../../../arm-none-eabi/lib/thumb/v7e-m/fpv4-sp/hard/libc_nano.a(lib_a-assert.o) (fiprintf)
/opt/stm32cubeide/plugins/com.st.stm32cube.ide.mcu.externaltools.gnu-tools-for-stm32.7-2018-q2-update.linux64_1.0.0.201904181610/tools/bin/../lib/gcc/arm-none-eabi/7.3.1/../../../../arm-none-eabi/lib/thumb/v7e-m/fpv4-sp/hard/libc_nano.a(lib_a-impure.o)
                              /opt/stm32cubeide/plugins/com.st.stm32cube.ide.mcu.externaltools.gnu-tools-for-stm32.7-2018-q2-update.linux64_1.0.0.201904181610/tools/bin/../lib/gcc/arm-none-eabi/7.3.1/../../../../arm-none-eabi/lib/thumb/v7e-m/fpv4-sp/hard/libc_nano.a(lib_a-exit.o) (_global_impure_ptr)
/opt/stm32cubeide/plugins/com.st.stm32cube.ide.mcu.externaltools.gnu-tools-for-stm32.7-2018-q2-update.linux64_1.0.0.201904181610/tools/bin/../lib/gcc/arm-none-eabi/7.3.1/../../../../arm-none-eabi/lib/thumb/v7e-m/fpv4-sp/hard/libc_nano.a(lib_a-init.o)
                              /opt/stm32cubeide/plugins/com.st.stm32cube.ide.mcu.externaltools.gnu-tools-for-stm32.7-2018-q2-update.linux64_1.0.0.201904181610/tools/bin/../lib/gcc/arm-none-eabi/7.3.1/../../../../arm-none-eabi/lib/thumb/v7e-m/fpv4-sp/hard/crt0.o (__libc_init_array)
/opt/stm32cubeide/plugins/com.st.stm32cube.ide.mcu.externaltools.gnu-tools-for-stm32.7-2018-q2-update.linux64_1.0.0.201904181610/tools/bin/../lib/gcc/arm-none-eabi/7.3.1/../../../../arm-none-eabi/lib/thumb/v7e-m/fpv4-sp/hard/libc_nano.a(lib_a-memset.o)
                              /opt/stm32cubeide/plugins/com.st.stm32cube.ide.mcu.externaltools.gnu-tools-for-stm32.7-2018-q2-update.linux64_1.0.0.201904181610/tools/bin/../lib/gcc/arm-none-eabi/7.3.1/../../../../arm-none-eabi/lib/thumb/v7e-m/fpv4-sp/hard/crt0.o (memset)
/opt/stm32cubeide/plugins/com.st.stm32cube.ide.mcu.externaltools.gnu-tools-for-stm32.7-2018-q2-update.linux64_1.0.0.201904181610/tools/bin/../lib/gcc/arm-none-eabi/7.3.1/../../../../arm-none-eabi/lib/thumb/v7e-m/fpv4-sp/hard/libc_nano.a(lib_a-nano-vfprintf.o)
                              /opt/stm32cubeide/plugins/com.st.stm32cube.ide.mcu.externaltools.gnu-tools-for-stm32.7-2018-q2-update.linux64_1.0.0.201904181610/tools/bin/../lib/gcc/arm-none-eabi/7.3.1/../../../../arm-none-eabi/lib/thumb/v7e-m/fpv4-sp/hard/libc_nano.a(lib_a-fprintf.o) (_vfprintf_r)
/opt/stm32cubeide/plugins/com.st.stm32cube.ide.mcu.externaltools.gnu-tools-for-stm32.7-2018-q2-update.linux64_1.0.0.201904181610/tools/bin/../lib/gcc/arm-none-eabi/7.3.1/../../../../arm-none-eabi/lib/thumb/v7e-m/fpv4-sp/hard/libc_nano.a(lib_a-nano-vfprintf_i.o)
                              /opt/stm32cubeide/plugins/com.st.stm32cube.ide.mcu.externaltools.gnu-tools-for-stm32.7-2018-q2-update.linux64_1.0.0.201904181610/tools/bin/../lib/gcc/arm-none-eabi/7.3.1/../../../../arm-none-eabi/lib/thumb/v7e-m/fpv4-sp/hard/libc_nano.a(lib_a-nano-vfprintf.o) (_printf_i)
/opt/stm32cubeide/plugins/com.st.stm32cube.ide.mcu.externaltools.gnu-tools-for-stm32.7-2018-q2-update.linux64_1.0.0.201904181610/tools/bin/../lib/gcc/arm-none-eabi/7.3.1/../../../../arm-none-eabi/lib/thumb/v7e-m/fpv4-sp/hard/libc_nano.a(lib_a-printf.o)
                              App/Src/app_main.o (printf)
[...]
Memory Configuration

Name             Origin             Length             Attributes
CCMRAM           0x0000000010000000 0x0000000000010000 xrw
RAM              0x0000000020000000 0x0000000000020000 xrw
FLASH            0x0000000008000000 0x0000000000080000 xr
*default*        0x0000000000000000 0xffffffffffffffff

Linker script and memory map

LOAD /opt/stm32cubeide/plugins/com.st.stm32cube.ide.mcu.externaltools.gnu-tools-for-stm32.7-2018-q2-update.linux64_1.0.0.201904181610/tools/bin/../lib/gcc/arm-none-eabi/7.3.1/thumb/v7e-m/fpv4-sp/hard/crti.o
LOAD /opt/stm32cubeide/plugins/com.st.stm32cube.ide.mcu.externaltools.gnu-tools-for-stm32.7-2018-q2-update.linux64_1.0.0.201904181610/tools/bin/../lib/gcc/arm-none-eabi/7.3.1/thumb/v7e-m/fpv4-sp/hard/crtbegin.o
LOAD /opt/stm32cubeide/plugins/com.st.stm32cube.ide.mcu.externaltools.gnu-tools-for-stm32.7-2018-q2-update.linux64_1.0.0.201904181610/tools/bin/../lib/gcc/arm-none-eabi/7.3.1/../../../../arm-none-eabi/lib/thumb/v7e-m/fpv4-sp/hard/crt0.o
LOAD App/Src/app_main.o
LOAD App/Src/syscalls.o
LOAD App/Src/ubx_packet_parser.o
LOAD App/Src/ubx_stream_parser.o
LOAD Core/Src/main.o
LOAD Core/Src/stm32f4xx_hal_msp.o
LOAD Core/Src/stm32f4xx_it.o
LOAD Core/Src/syscalls.o
LOAD Core/Src/sysmem.o
LOAD Core/Src/system_stm32f4xx.o
LOAD Core/Startup/startup_stm32f407vetx.o
LOAD Drivers/STM32F4xx_HAL_Driver/Src/stm32f4xx_hal.o
LOAD Drivers/STM32F4xx_HAL_Driver/Src/stm32f4xx_hal_cortex.o
LOAD Drivers/STM32F4xx_HAL_Driver/Src/stm32f4xx_hal_dma.o
LOAD Drivers/STM32F4xx_HAL_Driver/Src/stm32f4xx_hal_dma_ex.o
LOAD Drivers/STM32F4xx_HAL_Driver/Src/stm32f4xx_hal_exti.o
LOAD Drivers/STM32F4xx_HAL_Driver/Src/stm32f4xx_hal_flash.o
LOAD Drivers/STM32F4xx_HAL_Driver/Src/stm32f4xx_hal_flash_ex.o
LOAD Drivers/STM32F4xx_HAL_Driver/Src/stm32f4xx_hal_flash_ramfunc.o
LOAD Drivers/STM32F4xx_HAL_Driver/Src/stm32f4xx_hal_gpio.o
LOAD Drivers/STM32F4xx_HAL_Driver/Src/stm32f4xx_hal_pwr.o
LOAD Drivers/STM32F4xx_HAL_Driver/Src/stm32f4xx_hal_pwr_ex.o
LOAD Drivers/STM32F4xx_HAL_Driver/Src/stm32f4xx_hal_rcc.o
LOAD Drivers/STM32F4xx_HAL_Driver/Src/stm32f4xx_hal_rcc_ex.o
LOAD Drivers/STM32F4xx_HAL_Driver/Src/stm32f4xx_hal_rtc.o
LOAD Drivers/STM32F4xx_HAL_Driver/Src/stm32f4xx_hal_rtc_ex.o
LOAD Drivers/STM32F4xx_HAL_Driver/Src/stm32f4xx_hal_tim.o
LOAD Drivers/STM32F4xx_HAL_Driver/Src/stm32f4xx_hal_tim_ex.o
LOAD Drivers/STM32F4xx_HAL_Driver/Src/stm32f4xx_hal_uart.o
LOAD Drivers/STM32F4xx_HAL_Driver/Src/stm32f4xx_ll_dma.o
LOAD Drivers/STM32F4xx_HAL_Driver/Src/stm32f4xx_ll_exti.o
LOAD Drivers/STM32F4xx_HAL_Driver/Src/stm32f4xx_ll_gpio.o
LOAD Drivers/STM32F4xx_HAL_Driver/Src/stm32f4xx_ll_rcc.o
LOAD Drivers/STM32F4xx_HAL_Driver/Src/stm32f4xx_ll_usart.o
LOAD Drivers/STM32F4xx_HAL_Driver/Src/stm32f4xx_ll_utils.o
START GROUP
LOAD /opt/stm32cubeide/plugins/com.st.stm32cube.ide.mcu.externaltools.gnu-tools-for-stm32.7-2018-q2-update.linux64_1.0.0.201904181610/tools/bin/../lib/gcc/arm-none-eabi/7.3.1/../../../../arm-none-eabi/lib/thumb/v7e-m/fpv4-sp/hard/libc_nano.a
LOAD /opt/stm32cubeide/plugins/com.st.stm32cube.ide.mcu.externaltools.gnu-tools-for-stm32.7-2018-q2-update.linux64_1.0.0.201904181610/tools/bin/../lib/gcc/arm-none-eabi/7.3.1/../../../../arm-none-eabi/lib/thumb/v7e-m/fpv4-sp/hard/libm.a
END GROUP
START GROUP
LOAD /opt/stm32cubeide/plugins/com.st.stm32cube.ide.mcu.externaltools.gnu-tools-for-stm32.7-2018-q2-update.linux64_1.0.0.201904181610/tools/bin/../lib/gcc/arm-none-eabi/7.3.1/thumb/v7e-m/fpv4-sp/hard/libgcc.a
LOAD /opt/stm32cubeide/plugins/com.st.stm32cube.ide.mcu.externaltools.gnu-tools-for-stm32.7-2018-q2-update.linux64_1.0.0.201904181610/tools/bin/../lib/gcc/arm-none-eabi/7.3.1/../../../../arm-none-eabi/lib/thumb/v7e-m/fpv4-sp/hard/libc_nano.a
END GROUP
START GROUP
LOAD /opt/stm32cubeide/plugins/com.st.stm32cube.ide.mcu.externaltools.gnu-tools-for-stm32.7-2018-q2-update.linux64_1.0.0.201904181610/tools/bin/../lib/gcc/arm-none-eabi/7.3.1/thumb/v7e-m/fpv4-sp/hard/libgcc.a
LOAD /opt/stm32cubeide/plugins/com.st.stm32cube.ide.mcu.externaltools.gnu-tools-for-stm32.7-2018-q2-update.linux64_1.0.0.201904181610/tools/bin/../lib/gcc/arm-none-eabi/7.3.1/../../../../arm-none-eabi/lib/thumb/v7e-m/fpv4-sp/hard/libc_nano.a
LOAD /opt/stm32cubeide/plugins/com.st.stm32cube.ide.mcu.externaltools.gnu-tools-for-stm32.7-2018-q2-update.linux64_1.0.0.201904181610/tools/bin/../lib/gcc/arm-none-eabi/7.3.1/../../../../arm-none-eabi/lib/thumb/v7e-m/fpv4-sp/hard/libnosys.a
END GROUP
START GROUP
LOAD /opt/stm32cubeide/plugins/com.st.stm32cube.ide.mcu.externaltools.gnu-tools-for-stm32.7-2018-q2-update.linux64_1.0.0.201904181610/tools/bin/../lib/gcc/arm-none-eabi/7.3.1/thumb/v7e-m/fpv4-sp/hard/libgcc.a
LOAD /opt/stm32cubeide/plugins/com.st.stm32cube.ide.mcu.externaltools.gnu-tools-for-stm32.7-2018-q2-update.linux64_1.0.0.201904181610/tools/bin/../lib/gcc/arm-none-eabi/7.3.1/../../../../arm-none-eabi/lib/thumb/v7e-m/fpv4-sp/hard/libc_nano.a
LOAD /opt/stm32cubeide/plugins/com.st.stm32cube.ide.mcu.externaltools.gnu-tools-for-stm32.7-2018-q2-update.linux64_1.0.0.201904181610/tools/bin/../lib/gcc/arm-none-eabi/7.3.1/../../../../arm-none-eabi/lib/thumb/v7e-m/fpv4-sp/hard/libnosys.a
END GROUP
LOAD /opt/stm32cubeide/plugins/com.st.stm32cube.ide.mcu.externaltools.gnu-tools-for-stm32.7-2018-q2-update.linux64_1.0.0.201904181610/tools/bin/../lib/gcc/arm-none-eabi/7.3.1/thumb/v7e-m/fpv4-sp/hard/crtend.o
LOAD /opt/stm32cubeide/plugins/com.st.stm32cube.ide.mcu.externaltools.gnu-tools-for-stm32.7-2018-q2-update.linux64_1.0.0.201904181610/tools/bin/../lib/gcc/arm-none-eabi/7.3.1/thumb/v7e-m/fpv4-sp/hard/crtn.o
                0x0000000020020000                _estack = (ORIGIN (RAM) + LENGTH (RAM))
                0x0000000000000200                _Min_Heap_Size = 0x200
                0x0000000000000400                _Min_Stack_Size = 0x400

.isr_vector     0x0000000008000000      0x188
                0x0000000008000000                . = ALIGN (0x4)
 *(.isr_vector)
 .isr_vector    0x0000000008000000      0x188 Core/Startup/startup_stm32f407vetx.o
                0x0000000008000000                g_pfnVectors
                0x0000000008000188                . = ALIGN (0x4)

.text           0x0000000008000190     0x4f68
                0x0000000008000190                . = ALIGN (0x4)
 *(.text)
 .text          0x0000000008000190       0x40 /opt/stm32cubeide/plugins/com.st.stm32cube.ide.mcu.externaltools.gnu-tools-for-stm32.7-2018-q2-update.linux64_1.0.0.201904181610/tools/bin/../lib/gcc/arm-none-eabi/7.3.1/thumb/v7e-m/fpv4-sp/hard/crtbegin.o
 .text          0x00000000080001d0       0xa0 /opt/stm32cubeide/plugins/com.st.stm32cube.ide.mcu.externaltools.gnu-tools-for-stm32.7-2018-q2-update.linux64_1.0.0.201904181610/tools/bin/../lib/gcc/arm-none-eabi/7.3.1/../../../../arm-none-eabi/lib/thumb/v7e-m/fpv4-sp/hard/libc_nano.a(lib_a-memchr.o)
                0x00000000080001d0                memchr
 .text          0x0000000008000270       0x30 /opt/stm32cubeide/plugins/com.st.stm32cube.ide.mcu.externaltools.gnu-tools-for-stm32.7-2018-q2-update.linux64_1.0.0.201904181610/tools/bin/../lib/gcc/arm-none-eabi/7.3.1/thumb/v7e-m/fpv4-sp/hard/libgcc.a(_aeabi_uldivmod.o)
                0x0000000008000270                __aeabi_uldivmod
 .text          0x00000000080002a0      0x2cc /opt/stm32cubeide/plugins/com.st.stm32cube.ide.mcu.externaltools.gnu-tools-for-stm32.7-2018-q2-update.linux64_1.0.0.201904181610/tools/bin/../lib/gcc/arm-none-eabi/7.3.1/thumb/v7e-m/fpv4-sp/hard/libgcc.a(_udivmoddi4.o)
                0x00000000080002a0                __udivmoddi4
 .text          0x000000000800056c        0x4 /opt/stm32cubeide/plugins/com.st.stm32cube.ide.mcu.externaltools.gnu-tools-for-stm32.7-2018-q2-update.linux64_1.0.0.201904181610/tools/bin/../lib/gcc/arm-none-eabi/7.3.1/thumb/v7e-m/fpv4-sp/hard/libgcc.a(_dvmd_tls.o)
                0x000000000800056c                __aeabi_ldiv0
                0x000000000800056c                __aeabi_idiv0
 *(.text*)
 .text.LL_USART_Enable
                0x0000000008000570       0x20 App/Src/app_main.o
 .text.LL_USART_Disable
                0x0000000008000590       0x20 App/Src/app_main.o
 .text.LL_USART_EnableIT_RXNE
                0x00000000080005b0       0x20 App/Src/app_main.o
 .text.LL_USART_EnableDMAReq_RX
                0x00000000080005d0       0x20 App/Src/app_main.o
 .text.LL_USART_DMA_GetRegAddr
                0x00000000080005f0       0x18 App/Src/app_main.o
 .text.LL_DMA_EnableStream
                0x0000000008000608       0x40 App/Src/app_main.o
 .text.LL_DMA_SetDataLength
                0x0000000008000648       0x48 App/Src/app_main.o
 .text.LL_DMA_SetMemoryAddress
                0x0000000008000690       0x30 App/Src/app_main.o
 .text.LL_DMA_SetPeriphAddress
                0x00000000080006c0       0x30 App/Src/app_main.o
 .text.on_ubx_packet
                0x00000000080006f0       0x68 App/Src/app_main.o
 .text.poll_gps_dma
                0x0000000008000758       0xa4 App/Src/app_main.o
 .text.app_main
                0x00000000080007fc       0xb0 App/Src/app_main.o
                0x00000000080007fc                app_main
 .text._write   0x00000000080008ac       0x2c App/Src/syscalls.o
                0x00000000080008ac                _write
 .text.ubx_packet_pid
                0x00000000080008d8       0x2a App/Src/ubx_packet_parser.o
                0x00000000080008d8                ubx_packet_pid
 .text.ubx_packet_payload_size
                0x0000000008000902       0x2c App/Src/ubx_packet_parser.o
                0x0000000008000902                ubx_packet_payload_size
 .text._read_u32
                0x000000000800092e       0x36 App/Src/ubx_packet_parser.o
 .text._read_u16
                0x0000000008000964       0x22 App/Src/ubx_packet_parser.o
 .text._ubx_parse_nav_sol
                0x0000000008000986       0x16 App/Src/ubx_packet_parser.o
 .text._ubx_parse_tim_tp
                0x000000000800099c       0x36 App/Src/ubx_packet_parser.o
 .text._ubx_parse_nav_timegps
                0x00000000080009d2       0x36 App/Src/ubx_packet_parser.o
 .text.ubx_parse_any_packet
                0x0000000008000a08       0x74 App/Src/ubx_packet_parser.o
                0x0000000008000a08                ubx_parse_any_packet
 .text._check_packet_header
                0x0000000008000a7c       0x30 App/Src/ubx_stream_parser.o
 .text._check_whole_packet
                0x0000000008000aac       0x88 App/Src/ubx_stream_parser.o
 .text._dispatch_packet
                0x0000000008000b34       0x3a App/Src/ubx_stream_parser.o
 .text.ubx_sparser_reset
                0x0000000008000b6e       0x2c App/Src/ubx_stream_parser.o
                0x0000000008000b6e                ubx_sparser_reset
 .text.ubx_sparser_set_packet_callback
                0x0000000008000b9a       0x24 App/Src/ubx_stream_parser.o
                0x0000000008000b9a                ubx_sparser_set_packet_callback
 *fill*         0x0000000008000bbe        0x2 
 .text.ubx_sparser_set_pbuffer
                0x0000000008000bc0       0x48 App/Src/ubx_stream_parser.o
                0x0000000008000bc0                ubx_sparser_set_pbuffer
 .text.ubx_sparser_consume_byte
                0x0000000008000c08      0x138 App/Src/ubx_stream_parser.o
                0x0000000008000c08                ubx_sparser_consume_byte
 .text.__NVIC_GetPriorityGrouping
                0x0000000008000d40       0x1c Core/Src/main.o
 .text.__NVIC_EnableIRQ
                0x0000000008000d5c       0x3c Core/Src/main.o
 .text.__NVIC_SetPriority
                0x0000000008000d98       0x54 Core/Src/main.o
 .text.NVIC_EncodePriority
                0x0000000008000dec       0x66 Core/Src/main.o
 .text.LL_USART_Enable
                0x0000000008000e52       0x20 Core/Src/main.o
 .text.LL_USART_ConfigAsyncMode
                0x0000000008000e72       0x2c Core/Src/main.o
 *fill*         0x0000000008000e9e        0x2 
 .text.LL_AHB1_GRP1_EnableClock
                0x0000000008000ea0       0x30 Core/Src/main.o
 .text.LL_APB1_GRP1_EnableClock
                0x0000000008000ed0       0x30 Core/Src/main.o
 .text.LL_DMA_SetDataTransferDirection
                0x0000000008000f00       0x48 Core/Src/main.o
 .text.LL_DMA_SetMode
                0x0000000008000f48       0x48 Core/Src/main.o
 .text.LL_DMA_SetPeriphIncMode
                0x0000000008000f90       0x48 Core/Src/main.o
 .text.LL_DMA_SetMemoryIncMode
                0x0000000008000fd8       0x48 Core/Src/main.o
 .text.LL_DMA_SetPeriphSize
                0x0000000008001020       0x48 Core/Src/main.o
 .text.LL_DMA_SetMemorySize
                0x0000000008001068       0x48 Core/Src/main.o
 .text.LL_DMA_SetStreamPriorityLevel
                0x00000000080010b0       0x48 Core/Src/main.o
 .text.LL_DMA_SetChannelSelection
                0x00000000080010f8       0x48 Core/Src/main.o
 .text.LL_DMA_DisableFifoMode
                0x0000000008001140       0x40 Core/Src/main.o
 .text.main     0x0000000008001180       0x26 Core/Src/main.o
                0x0000000008001180                main
 *fill*         0x00000000080011a6        0x2 
 .text.SystemClock_Config
                0x00000000080011a8      0x104 Core/Src/main.o
                0x00000000080011a8                SystemClock_Config
 .text.MX_RTC_Init
                0x00000000080012ac       0xb4 Core/Src/main.o
 .text.MX_USART1_UART_Init
                0x0000000008001360       0x54 Core/Src/main.o
 .text.MX_USART2_UART_Init
                0x00000000080013b4      0x104 Core/Src/main.o
 .text.MX_DMA_Init
                0x00000000080014b8       0x50 Core/Src/main.o
 .text.MX_GPIO_Init
                0x0000000008001508       0x6c Core/Src/main.o
 .text.Error_Handler
                0x0000000008001574        0xe Core/Src/main.o
                0x0000000008001574                Error_Handler
 *fill*         0x0000000008001582        0x2 
 .text.HAL_MspInit
                0x0000000008001584       0x50 Core/Src/stm32f4xx_hal_msp.o
                0x0000000008001584                HAL_MspInit
 .text.HAL_RTC_MspInit
                0x00000000080015d4       0x2c Core/Src/stm32f4xx_hal_msp.o
                0x00000000080015d4                HAL_RTC_MspInit
 .text.HAL_UART_MspInit
                0x0000000008001600       0x90 Core/Src/stm32f4xx_hal_msp.o
                0x0000000008001600                HAL_UART_MspInit
 .text.NMI_Handler
                0x0000000008001690        0xe Core/Src/stm32f4xx_it.o
                0x0000000008001690                NMI_Handler
 .text.HardFault_Handler
                0x000000000800169e        0x6 Core/Src/stm32f4xx_it.o
                0x000000000800169e                HardFault_Handler
 .text.MemManage_Handler
                0x00000000080016a4        0x6 Core/Src/stm32f4xx_it.o
                0x00000000080016a4                MemManage_Handler
 .text.BusFault_Handler
                0x00000000080016aa        0x6 Core/Src/stm32f4xx_it.o
                0x00000000080016aa                BusFault_Handler
 .text.UsageFault_Handler
                0x00000000080016b0        0x6 Core/Src/stm32f4xx_it.o
                0x00000000080016b0                UsageFault_Handler
 .text.SVC_Handler
                0x00000000080016b6        0xe Core/Src/stm32f4xx_it.o
                0x00000000080016b6                SVC_Handler
 .text.DebugMon_Handler
                0x00000000080016c4        0xe Core/Src/stm32f4xx_it.o
                0x00000000080016c4                DebugMon_Handler
 .text.PendSV_Handler
                0x00000000080016d2        0xe Core/Src/stm32f4xx_it.o
                0x00000000080016d2                PendSV_Handler
 .text.SysTick_Handler
                0x00000000080016e0        0xc Core/Src/stm32f4xx_it.o
                0x00000000080016e0                SysTick_Handler
 .text.DMA1_Stream5_IRQHandler
                0x00000000080016ec       0x16 Core/Src/stm32f4xx_it.o
                0x00000000080016ec                DMA1_Stream5_IRQHandler
 .text._getpid  0x0000000008001702       0x10 Core/Src/syscalls.o
                0x0000000008001702                _getpid
 .text._kill    0x0000000008001712       0x20 Core/Src/syscalls.o
                0x0000000008001712                _kill
 .text._exit    0x0000000008001732       0x14 Core/Src/syscalls.o
                0x0000000008001732                _exit
 .text._read    0x0000000008001746       0x3a Core/Src/syscalls.o
                0x0000000008001746                _read
 .text._close   0x0000000008001780       0x18 Core/Src/syscalls.o
                0x0000000008001780                _close
 .text._fstat   0x0000000008001798       0x20 Core/Src/syscalls.o
                0x0000000008001798                _fstat
 .text._isatty  0x00000000080017b8       0x16 Core/Src/syscalls.o
                0x00000000080017b8                _isatty
 .text._lseek   0x00000000080017ce       0x1a Core/Src/syscalls.o
                0x00000000080017ce                _lseek
 .text._sbrk    0x00000000080017e8       0x58 Core/Src/sysmem.o
                0x00000000080017e8                _sbrk
 .text.SystemInit
                0x0000000008001840       0x2c Core/Src/system_stm32f4xx.o
                0x0000000008001840                SystemInit
 .text.Reset_Handler
                0x000000000800186c       0x50 Core/Startup/startup_stm32f407vetx.o
                0x000000000800186c                Reset_Handler
 .text.Default_Handler
                0x00000000080018bc        0x2 Core/Startup/startup_stm32f407vetx.o
                0x00000000080018bc                RTC_Alarm_IRQHandler
                0x00000000080018bc                HASH_RNG_IRQHandler
                0x00000000080018bc                EXTI2_IRQHandler
                0x00000000080018bc                TIM8_CC_IRQHandler
                0x00000000080018bc                TIM1_CC_IRQHandler
                0x00000000080018bc                DMA2_Stream5_IRQHandler
                0x00000000080018bc                PVD_IRQHandler
                0x00000000080018bc                SDIO_IRQHandler
                0x00000000080018bc                TAMP_STAMP_IRQHandler
                0x00000000080018bc                CAN2_RX1_IRQHandler
                0x00000000080018bc                EXTI3_IRQHandler
                0x00000000080018bc                TIM8_TRG_COM_TIM14_IRQHandler
                0x00000000080018bc                TIM1_UP_TIM10_IRQHandler
                0x00000000080018bc                TIM8_UP_TIM13_IRQHandler
                0x00000000080018bc                I2C3_ER_IRQHandler
                0x00000000080018bc                EXTI0_IRQHandler
                0x00000000080018bc                I2C2_EV_IRQHandler
                0x00000000080018bc                DMA1_Stream2_IRQHandler
                0x00000000080018bc                CAN1_RX0_IRQHandler
                0x00000000080018bc                FPU_IRQHandler
                0x00000000080018bc                OTG_HS_WKUP_IRQHandler
                0x00000000080018bc                CAN2_SCE_IRQHandler
                0x00000000080018bc                DMA2_Stream2_IRQHandler
                0x00000000080018bc                SPI1_IRQHandler
                0x00000000080018bc                TIM6_DAC_IRQHandler
                0x00000000080018bc                TIM1_BRK_TIM9_IRQHandler
                0x00000000080018bc                DCMI_IRQHandler
                0x00000000080018bc                CAN2_RX0_IRQHandler
                0x00000000080018bc                DMA2_Stream3_IRQHandler
                0x00000000080018bc                USART6_IRQHandler
                0x00000000080018bc                USART3_IRQHandler
                0x00000000080018bc                CAN1_RX1_IRQHandler
                0x00000000080018bc                UART5_IRQHandler
                0x00000000080018bc                DMA2_Stream0_IRQHandler
                0x00000000080018bc                TIM4_IRQHandler
                0x00000000080018bc                I2C1_EV_IRQHandler
                0x00000000080018bc                DMA1_Stream6_IRQHandler
                0x00000000080018bc                DMA1_Stream1_IRQHandler
                0x00000000080018bc                UART4_IRQHandler
                0x00000000080018bc                TIM3_IRQHandler
                0x00000000080018bc                RCC_IRQHandler
                0x00000000080018bc                TIM8_BRK_TIM12_IRQHandler
                0x00000000080018bc                Default_Handler
                0x00000000080018bc                EXTI15_10_IRQHandler
                0x00000000080018bc                ADC_IRQHandler
                0x00000000080018bc                DMA1_Stream7_IRQHandler
                0x00000000080018bc                TIM7_IRQHandler
                0x00000000080018bc                CAN2_TX_IRQHandler
                0x00000000080018bc                TIM5_IRQHandler
                0x00000000080018bc                DMA2_Stream7_IRQHandler
                0x00000000080018bc                I2C3_EV_IRQHandler
                0x00000000080018bc                EXTI9_5_IRQHandler
                0x00000000080018bc                RTC_WKUP_IRQHandler
                0x00000000080018bc                ETH_WKUP_IRQHandler
                0x00000000080018bc                SPI2_IRQHandler
                0x00000000080018bc                OTG_HS_EP1_IN_IRQHandler
                0x00000000080018bc                DMA1_Stream0_IRQHandler
                0x00000000080018bc                CAN1_TX_IRQHandler
                0x00000000080018bc                EXTI4_IRQHandler
                0x00000000080018bc                FSMC_IRQHandler
                0x00000000080018bc                ETH_IRQHandler
                0x00000000080018bc                OTG_HS_EP1_OUT_IRQHandler
                0x00000000080018bc                WWDG_IRQHandler
                0x00000000080018bc                TIM2_IRQHandler
                0x00000000080018bc                OTG_FS_WKUP_IRQHandler
                0x00000000080018bc                TIM1_TRG_COM_TIM11_IRQHandler
                0x00000000080018bc                OTG_HS_IRQHandler
                0x00000000080018bc                EXTI1_IRQHandler
                0x00000000080018bc                USART2_IRQHandler
                0x00000000080018bc                I2C2_ER_IRQHandler
                0x00000000080018bc                DMA2_Stream1_IRQHandler
                0x00000000080018bc                CAN1_SCE_IRQHandler
                0x00000000080018bc                FLASH_IRQHandler
                0x00000000080018bc                DMA2_Stream4_IRQHandler
                0x00000000080018bc                USART1_IRQHandler
                0x00000000080018bc                OTG_FS_IRQHandler
                0x00000000080018bc                SPI3_IRQHandler
                0x00000000080018bc                DMA1_Stream4_IRQHandler
                0x00000000080018bc                I2C1_ER_IRQHandler
                0x00000000080018bc                DMA2_Stream6_IRQHandler
                0x00000000080018bc                DMA1_Stream3_IRQHandler
 *fill*         0x00000000080018be        0x2 
 .text.HAL_Init
                0x00000000080018c0       0x44 Drivers/STM32F4xx_HAL_Driver/Src/stm32f4xx_hal.o
                0x00000000080018c0                HAL_Init
 .text.HAL_InitTick
                0x0000000008001904       0x60 Drivers/STM32F4xx_HAL_Driver/Src/stm32f4xx_hal.o
                0x0000000008001904                HAL_InitTick
 .text.HAL_IncTick
                0x0000000008001964       0x28 Drivers/STM32F4xx_HAL_Driver/Src/stm32f4xx_hal.o
                0x0000000008001964                HAL_IncTick
 .text.HAL_GetTick
                0x000000000800198c       0x18 Drivers/STM32F4xx_HAL_Driver/Src/stm32f4xx_hal.o
                0x000000000800198c                HAL_GetTick
 .text.HAL_Delay
                0x00000000080019a4       0x44 Drivers/STM32F4xx_HAL_Driver/Src/stm32f4xx_hal.o
                0x00000000080019a4                HAL_Delay
 .text.__NVIC_SetPriorityGrouping
                0x00000000080019e8       0x48 Drivers/STM32F4xx_HAL_Driver/Src/stm32f4xx_hal_cortex.o
 .text.__NVIC_GetPriorityGrouping
                0x0000000008001a30       0x1c Drivers/STM32F4xx_HAL_Driver/Src/stm32f4xx_hal_cortex.o
 .text.__NVIC_SetPriority
                0x0000000008001a4c       0x54 Drivers/STM32F4xx_HAL_Driver/Src/stm32f4xx_hal_cortex.o
 .text.NVIC_EncodePriority
                0x0000000008001aa0       0x66 Drivers/STM32F4xx_HAL_Driver/Src/stm32f4xx_hal_cortex.o
 *fill*         0x0000000008001b06        0x2 
 .text.SysTick_Config
                0x0000000008001b08       0x44 Drivers/STM32F4xx_HAL_Driver/Src/stm32f4xx_hal_cortex.o
 .text.HAL_NVIC_SetPriorityGrouping
                0x0000000008001b4c       0x16 Drivers/STM32F4xx_HAL_Driver/Src/stm32f4xx_hal_cortex.o
                0x0000000008001b4c                HAL_NVIC_SetPriorityGrouping
 .text.HAL_NVIC_SetPriority
                0x0000000008001b62       0x38 Drivers/STM32F4xx_HAL_Driver/Src/stm32f4xx_hal_cortex.o
                0x0000000008001b62                HAL_NVIC_SetPriority
 .text.HAL_SYSTICK_Config
                0x0000000008001b9a       0x18 Drivers/STM32F4xx_HAL_Driver/Src/stm32f4xx_hal_cortex.o
                0x0000000008001b9a                HAL_SYSTICK_Config
 *fill*         0x0000000008001bb2        0x2 
 .text.HAL_GPIO_Init
                0x0000000008001bb4      0x334 Drivers/STM32F4xx_HAL_Driver/Src/stm32f4xx_hal_gpio.o
                0x0000000008001bb4                HAL_GPIO_Init
 .text.HAL_RCC_OscConfig
                0x0000000008001ee8      0x4e0 Drivers/STM32F4xx_HAL_Driver/Src/stm32f4xx_hal_rcc.o
                0x0000000008001ee8                HAL_RCC_OscConfig
 .text.HAL_RCC_ClockConfig
                0x00000000080023c8      0x1cc Drivers/STM32F4xx_HAL_Driver/Src/stm32f4xx_hal_rcc.o
                0x00000000080023c8                HAL_RCC_ClockConfig
 .text.HAL_RCC_GetSysClockFreq
                0x0000000008002594      0x1b0 Drivers/STM32F4xx_HAL_Driver/Src/stm32f4xx_hal_rcc.o
                0x0000000008002594                HAL_RCC_GetSysClockFreq
 .text.HAL_RCC_GetHCLKFreq
                0x0000000008002744       0x18 Drivers/STM32F4xx_HAL_Driver/Src/stm32f4xx_hal_rcc.o
                0x0000000008002744                HAL_RCC_GetHCLKFreq
 .text.HAL_RCC_GetPCLK1Freq
                0x000000000800275c       0x28 Drivers/STM32F4xx_HAL_Driver/Src/stm32f4xx_hal_rcc.o
                0x000000000800275c                HAL_RCC_GetPCLK1Freq
 .text.HAL_RCC_GetPCLK2Freq
                0x0000000008002784       0x28 Drivers/STM32F4xx_HAL_Driver/Src/stm32f4xx_hal_rcc.o
                0x0000000008002784                HAL_RCC_GetPCLK2Freq
 .text.HAL_RCCEx_PeriphCLKConfig
                0x00000000080027ac      0x1c4 Drivers/STM32F4xx_HAL_Driver/Src/stm32f4xx_hal_rcc_ex.o
                0x00000000080027ac                HAL_RCCEx_PeriphCLKConfig
 .text.HAL_RTC_Init
                0x0000000008002970      0x122 Drivers/STM32F4xx_HAL_Driver/Src/stm32f4xx_hal_rtc.o
                0x0000000008002970                HAL_RTC_Init
 .text.HAL_RTC_SetTime
                0x0000000008002a92      0x17a Drivers/STM32F4xx_HAL_Driver/Src/stm32f4xx_hal_rtc.o
                0x0000000008002a92                HAL_RTC_SetTime
 .text.HAL_RTC_SetDate
                0x0000000008002c0c      0x14e Drivers/STM32F4xx_HAL_Driver/Src/stm32f4xx_hal_rtc.o
                0x0000000008002c0c                HAL_RTC_SetDate
 .text.HAL_RTC_WaitForSynchro
                0x0000000008002d5a       0x50 Drivers/STM32F4xx_HAL_Driver/Src/stm32f4xx_hal_rtc.o
                0x0000000008002d5a                HAL_RTC_WaitForSynchro
 .text.RTC_EnterInitMode
                0x0000000008002daa       0x58 Drivers/STM32F4xx_HAL_Driver/Src/stm32f4xx_hal_rtc.o
                0x0000000008002daa                RTC_EnterInitMode
 .text.RTC_ByteToBcd2
                0x0000000008002e02       0x3c Drivers/STM32F4xx_HAL_Driver/Src/stm32f4xx_hal_rtc.o
                0x0000000008002e02                RTC_ByteToBcd2
 .text.HAL_UART_Init
                0x0000000008002e3e       0x9a Drivers/STM32F4xx_HAL_Driver/Src/stm32f4xx_hal_uart.o
                0x0000000008002e3e                HAL_UART_Init
 .text.HAL_UART_Transmit
                0x0000000008002ed8      0x132 Drivers/STM32F4xx_HAL_Driver/Src/stm32f4xx_hal_uart.o
                0x0000000008002ed8                HAL_UART_Transmit
 .text.UART_WaitOnFlagUntilTimeout
                0x000000000800300a       0x94 Drivers/STM32F4xx_HAL_Driver/Src/stm32f4xx_hal_uart.o
 *fill*         0x000000000800309e        0x2 
 .text.UART_SetConfig
                0x00000000080030a0      0x6f8 Drivers/STM32F4xx_HAL_Driver/Src/stm32f4xx_hal_uart.o
 .text.LL_GPIO_SetPinMode
                0x0000000008003798       0x5e Drivers/STM32F4xx_HAL_Driver/Src/stm32f4xx_ll_gpio.o
 .text.LL_GPIO_SetPinOutputType
                0x00000000080037f6       0x30 Drivers/STM32F4xx_HAL_Driver/Src/stm32f4xx_ll_gpio.o
 .text.LL_GPIO_SetPinSpeed
                0x0000000008003826       0x5e Drivers/STM32F4xx_HAL_Driver/Src/stm32f4xx_ll_gpio.o
 .text.LL_GPIO_SetPinPull
                0x0000000008003884       0x5e Drivers/STM32F4xx_HAL_Driver/Src/stm32f4xx_ll_gpio.o
 .text.LL_GPIO_SetAFPin_0_7
                0x00000000080038e2       0x5e Drivers/STM32F4xx_HAL_Driver/Src/stm32f4xx_ll_gpio.o
 .text.LL_GPIO_SetAFPin_8_15
                0x0000000008003940       0x62 Drivers/STM32F4xx_HAL_Driver/Src/stm32f4xx_ll_gpio.o
 .text.LL_GPIO_Init
                0x00000000080039a2       0xe6 Drivers/STM32F4xx_HAL_Driver/Src/stm32f4xx_ll_gpio.o
                0x00000000080039a2                LL_GPIO_Init
 .text.LL_RCC_GetSysClkSource
                0x0000000008003a88       0x1c Drivers/STM32F4xx_HAL_Driver/Src/stm32f4xx_ll_rcc.o
 .text.LL_RCC_GetAHBPrescaler
                0x0000000008003aa4       0x1c Drivers/STM32F4xx_HAL_Driver/Src/stm32f4xx_ll_rcc.o
 .text.LL_RCC_GetAPB1Prescaler
                0x0000000008003ac0       0x1c Drivers/STM32F4xx_HAL_Driver/Src/stm32f4xx_ll_rcc.o
 .text.LL_RCC_GetAPB2Prescaler
                0x0000000008003adc       0x1c Drivers/STM32F4xx_HAL_Driver/Src/stm32f4xx_ll_rcc.o
 .text.LL_RCC_PLL_GetMainSource
                0x0000000008003af8       0x1c Drivers/STM32F4xx_HAL_Driver/Src/stm32f4xx_ll_rcc.o
 .text.LL_RCC_PLL_GetN
                0x0000000008003b14       0x1c Drivers/STM32F4xx_HAL_Driver/Src/stm32f4xx_ll_rcc.o
 .text.LL_RCC_PLL_GetP
                0x0000000008003b30       0x1c Drivers/STM32F4xx_HAL_Driver/Src/stm32f4xx_ll_rcc.o
 .text.LL_RCC_PLL_GetDivider
                0x0000000008003b4c       0x1c Drivers/STM32F4xx_HAL_Driver/Src/stm32f4xx_ll_rcc.o
 .text.LL_RCC_GetSystemClocksFreq
                0x0000000008003b68       0x4a Drivers/STM32F4xx_HAL_Driver/Src/stm32f4xx_ll_rcc.o
                0x0000000008003b68                LL_RCC_GetSystemClocksFreq
 *fill*         0x0000000008003bb2        0x2 
 .text.RCC_GetSystemClockFreq
                0x0000000008003bb4       0x4c Drivers/STM32F4xx_HAL_Driver/Src/stm32f4xx_ll_rcc.o
                0x0000000008003bb4                RCC_GetSystemClockFreq
 .text.RCC_GetHCLKClockFreq
                0x0000000008003c00       0x2c Drivers/STM32F4xx_HAL_Driver/Src/stm32f4xx_ll_rcc.o
                0x0000000008003c00                RCC_GetHCLKClockFreq
 .text.RCC_GetPCLK1ClockFreq
                0x0000000008003c2c       0x28 Drivers/STM32F4xx_HAL_Driver/Src/stm32f4xx_ll_rcc.o
                0x0000000008003c2c                RCC_GetPCLK1ClockFreq
 .text.RCC_GetPCLK2ClockFreq
                0x0000000008003c54       0x28 Drivers/STM32F4xx_HAL_Driver/Src/stm32f4xx_ll_rcc.o
                0x0000000008003c54                RCC_GetPCLK2ClockFreq
 .text.RCC_PLL_GetFreqDomain_SYS
                0x0000000008003c7c       0x7c Drivers/STM32F4xx_HAL_Driver/Src/stm32f4xx_ll_rcc.o
                0x0000000008003c7c                RCC_PLL_GetFreqDomain_SYS
 .text.LL_USART_IsEnabled
                0x0000000008003cf8       0x28 Drivers/STM32F4xx_HAL_Driver/Src/stm32f4xx_ll_usart.o
 .text.LL_USART_SetStopBitsLength
                0x0000000008003d20       0x26 Drivers/STM32F4xx_HAL_Driver/Src/stm32f4xx_ll_usart.o
 .text.LL_USART_SetHWFlowCtrl
                0x0000000008003d46       0x26 Drivers/STM32F4xx_HAL_Driver/Src/stm32f4xx_ll_usart.o
 .text.LL_USART_SetBaudRate
                0x0000000008003d6c      0x350 Drivers/STM32F4xx_HAL_Driver/Src/stm32f4xx_ll_usart.o
 .text.LL_USART_Init
                0x00000000080040bc      0x100 Drivers/STM32F4xx_HAL_Driver/Src/stm32f4xx_ll_usart.o
                0x00000000080040bc                LL_USART_Init
 .text.__assert_func
                0x00000000080041bc       0x3c /opt/stm32cubeide/plugins/com.st.stm32cube.ide.mcu.externaltools.gnu-tools-for-stm32.7-2018-q2-update.linux64_1.0.0.201904181610/tools/bin/../lib/gcc/arm-none-eabi/7.3.1/../../../../arm-none-eabi/lib/thumb/v7e-m/fpv4-sp/hard/libc_nano.a(lib_a-assert.o)
                0x00000000080041bc                __assert_func
 .text.__errno  0x00000000080041f8        0xc /opt/stm32cubeide/plugins/com.st.stm32cube.ide.mcu.externaltools.gnu-tools-for-stm32.7-2018-q2-update.linux64_1.0.0.201904181610/tools/bin/../lib/gcc/arm-none-eabi/7.3.1/../../../../arm-none-eabi/lib/thumb/v7e-m/fpv4-sp/hard/libc_nano.a(lib_a-errno.o)
                0x00000000080041f8                __errno
 .text.fprintf  0x0000000008004204       0x24 /opt/stm32cubeide/plugins/com.st.stm32cube.ide.mcu.externaltools.gnu-tools-for-stm32.7-2018-q2-update.linux64_1.0.0.201904181610/tools/bin/../lib/gcc/arm-none-eabi/7.3.1/../../../../arm-none-eabi/lib/thumb/v7e-m/fpv4-sp/hard/libc_nano.a(lib_a-fprintf.o)
                0x0000000008004204                fprintf
                0x0000000008004204                fiprintf
 .text.__libc_init_array
                0x0000000008004228       0x48 /opt/stm32cubeide/plugins/com.st.stm32cube.ide.mcu.externaltools.gnu-tools-for-stm32.7-2018-q2-update.linux64_1.0.0.201904181610/tools/bin/../lib/gcc/arm-none-eabi/7.3.1/../../../../arm-none-eabi/lib/thumb/v7e-m/fpv4-sp/hard/libc_nano.a(lib_a-init.o)
                0x0000000008004228                __libc_init_array
 .text.memset   0x0000000008004270       0x10 /opt/stm32cubeide/plugins/com.st.stm32cube.ide.mcu.externaltools.gnu-tools-for-stm32.7-2018-q2-update.linux64_1.0.0.201904181610/tools/bin/../lib/gcc/arm-none-eabi/7.3.1/../../../../arm-none-eabi/lib/thumb/v7e-m/fpv4-sp/hard/libc_nano.a(lib_a-memset.o)
                0x0000000008004270                memset
 .text.__sfputc_r
                0x0000000008004280       0x2e /opt/stm32cubeide/plugins/com.st.stm32cube.ide.mcu.externaltools.gnu-tools-for-stm32.7-2018-q2-update.linux64_1.0.0.201904181610/tools/bin/../lib/gcc/arm-none-eabi/7.3.1/../../../../arm-none-eabi/lib/thumb/v7e-m/fpv4-sp/hard/libc_nano.a(lib_a-nano-vfprintf.o)
 .text.__sfputs_r
                0x00000000080042ae       0x24 /opt/stm32cubeide/plugins/com.st.stm32cube.ide.mcu.externaltools.gnu-tools-for-stm32.7-2018-q2-update.linux64_1.0.0.201904181610/tools/bin/../lib/gcc/arm-none-eabi/7.3.1/../../../../arm-none-eabi/lib/thumb/v7e-m/fpv4-sp/hard/libc_nano.a(lib_a-nano-vfprintf.o)
                0x00000000080042ae                __sfputs_r
 *fill*         0x00000000080042d2        0x2 
 .text._vfprintf_r
                0x00000000080042d4      0x22c /opt/stm32cubeide/plugins/com.st.stm32cube.ide.mcu.externaltools.gnu-tools-for-stm32.7-2018-q2-update.linux64_1.0.0.201904181610/tools/bin/../lib/gcc/arm-none-eabi/7.3.1/../../../../arm-none-eabi/lib/thumb/v7e-m/fpv4-sp/hard/libc_nano.a(lib_a-nano-vfprintf.o)
                0x00000000080042d4                _vfiprintf_r
                0x00000000080042d4                _vfprintf_r
 .text._printf_common
                0x0000000008004500       0xea /opt/stm32cubeide/plugins/com.st.stm32cube.ide.mcu.externaltools.gnu-tools-for-stm32.7-2018-q2-update.linux64_1.0.0.201904181610/tools/bin/../lib/gcc/arm-none-eabi/7.3.1/../../../../arm-none-eabi/lib/thumb/v7e-m/fpv4-sp/hard/libc_nano.a(lib_a-nano-vfprintf_i.o)
                0x0000000008004500                _printf_common
 *fill*         0x00000000080045ea        0x2 
 .text._printf_i
                0x00000000080045ec      0x224 /opt/stm32cubeide/plugins/com.st.stm32cube.ide.mcu.externaltools.gnu-tools-for-stm32.7-2018-q2-update.linux64_1.0.0.201904181610/tools/bin/../lib/gcc/arm-none-eabi/7.3.1/../../../../arm-none-eabi/lib/thumb/v7e-m/fpv4-sp/hard/libc_nano.a(lib_a-nano-vfprintf_i.o)
                0x00000000080045ec                _printf_i
 .text.printf   0x0000000008004810       0x30 /opt/stm32cubeide/plugins/com.st.stm32cube.ide.mcu.externaltools.gnu-tools-for-stm32.7-2018-q2-update.linux64_1.0.0.201904181610/tools/bin/../lib/gcc/arm-none-eabi/7.3.1/../../../../arm-none-eabi/lib/thumb/v7e-m/fpv4-sp/hard/libc_nano.a(lib_a-printf.o)
                0x0000000008004810                printf
                0x0000000008004810                iprintf
 .text.__swbuf_r
                0x0000000008004840       0xa4 /opt/stm32cubeide/plugins/com.st.stm32cube.ide.mcu.externaltools.gnu-tools-for-stm32.7-2018-q2-update.linux64_1.0.0.201904181610/tools/bin/../lib/gcc/arm-none-eabi/7.3.1/../../../../arm-none-eabi/lib/thumb/v7e-m/fpv4-sp/hard/libc_nano.a(lib_a-wbuf.o)
                0x0000000008004840                __swbuf_r
 .text.__swsetup_r
                0x00000000080048e4       0xdc /opt/stm32cubeide/plugins/com.st.stm32cube.ide.mcu.externaltools.gnu-tools-for-stm32.7-2018-q2-update.linux64_1.0.0.201904181610/tools/bin/../lib/gcc/arm-none-eabi/7.3.1/../../../../arm-none-eabi/lib/thumb/v7e-m/fpv4-sp/hard/libc_nano.a(lib_a-wsetup.o)
                0x00000000080048e4                __swsetup_r
 .text.abort    0x00000000080049c0        0xe /opt/stm32cubeide/plugins/com.st.stm32cube.ide.mcu.externaltools.gnu-tools-for-stm32.7-2018-q2-update.linux64_1.0.0.201904181610/tools/bin/../lib/gcc/arm-none-eabi/7.3.1/../../../../arm-none-eabi/lib/thumb/v7e-m/fpv4-sp/hard/libc_nano.a(lib_a-abort.o)
                0x00000000080049c0                abort
 *fill*         0x00000000080049ce        0x2 
 .text.__sflush_r
                0x00000000080049d0      0x10c /opt/stm32cubeide/plugins/com.st.stm32cube.ide.mcu.externaltools.gnu-tools-for-stm32.7-2018-q2-update.linux64_1.0.0.201904181610/tools/bin/../lib/gcc/arm-none-eabi/7.3.1/../../../../arm-none-eabi/lib/thumb/v7e-m/fpv4-sp/hard/libc_nano.a(lib_a-fflush.o)
                0x00000000080049d0                __sflush_r
 .text._fflush_r
                0x0000000008004adc       0x54 /opt/stm32cubeide/plugins/com.st.stm32cube.ide.mcu.externaltools.gnu-tools-for-stm32.7-2018-q2-update.linux64_1.0.0.201904181610/tools/bin/../lib/gcc/arm-none-eabi/7.3.1/../../../../arm-none-eabi/lib/thumb/v7e-m/fpv4-sp/hard/libc_nano.a(lib_a-fflush.o)
                0x0000000008004adc                _fflush_r
 .text.std      0x0000000008004b30       0x48 /opt/stm32cubeide/plugins/com.st.stm32cube.ide.mcu.externaltools.gnu-tools-for-stm32.7-2018-q2-update.linux64_1.0.0.201904181610/tools/bin/../lib/gcc/arm-none-eabi/7.3.1/../../../../arm-none-eabi/lib/thumb/v7e-m/fpv4-sp/hard/libc_nano.a(lib_a-findfp.o)
 .text._cleanup_r
                0x0000000008004b78        0xc /opt/stm32cubeide/plugins/com.st.stm32cube.ide.mcu.externaltools.gnu-tools-for-stm32.7-2018-q2-update.linux64_1.0.0.201904181610/tools/bin/../lib/gcc/arm-none-eabi/7.3.1/../../../../arm-none-eabi/lib/thumb/v7e-m/fpv4-sp/hard/libc_nano.a(lib_a-findfp.o)
                0x0000000008004b78                _cleanup_r
 .text.__sfmoreglue
                0x0000000008004b84       0x2c /opt/stm32cubeide/plugins/com.st.stm32cube.ide.mcu.externaltools.gnu-tools-for-stm32.7-2018-q2-update.linux64_1.0.0.201904181610/tools/bin/../lib/gcc/arm-none-eabi/7.3.1/../../../../arm-none-eabi/lib/thumb/v7e-m/fpv4-sp/hard/libc_nano.a(lib_a-findfp.o)
                0x0000000008004b84                __sfmoreglue
 .text.__sinit  0x0000000008004bb0       0x60 /opt/stm32cubeide/plugins/com.st.stm32cube.ide.mcu.externaltools.gnu-tools-for-stm32.7-2018-q2-update.linux64_1.0.0.201904181610/tools/bin/../lib/gcc/arm-none-eabi/7.3.1/../../../../arm-none-eabi/lib/thumb/v7e-m/fpv4-sp/hard/libc_nano.a(lib_a-findfp.o)
                0x0000000008004bb0                __sinit
 .text.__sfp    0x0000000008004c10       0x78 /opt/stm32cubeide/plugins/com.st.stm32cube.ide.mcu.externaltools.gnu-tools-for-stm32.7-2018-q2-update.linux64_1.0.0.201904181610/tools/bin/../lib/gcc/arm-none-eabi/7.3.1/../../../../arm-none-eabi/lib/thumb/v7e-m/fpv4-sp/hard/libc_nano.a(lib_a-findfp.o)
                0x0000000008004c10                __sfp
 .text._fwalk_reent
                0x0000000008004c88       0x3c /opt/stm32cubeide/plugins/com.st.stm32cube.ide.mcu.externaltools.gnu-tools-for-stm32.7-2018-q2-update.linux64_1.0.0.201904181610/tools/bin/../lib/gcc/arm-none-eabi/7.3.1/../../../../arm-none-eabi/lib/thumb/v7e-m/fpv4-sp/hard/libc_nano.a(lib_a-fwalk.o)
                0x0000000008004c88                _fwalk_reent
 .text.__swhatbuf_r
                0x0000000008004cc4       0x48 /opt/stm32cubeide/plugins/com.st.stm32cube.ide.mcu.externaltools.gnu-tools-for-stm32.7-2018-q2-update.linux64_1.0.0.201904181610/tools/bin/../lib/gcc/arm-none-eabi/7.3.1/../../../../arm-none-eabi/lib/thumb/v7e-m/fpv4-sp/hard/libc_nano.a(lib_a-makebuf.o)
                0x0000000008004cc4                __swhatbuf_r
 .text.__smakebuf_r
                0x0000000008004d0c       0x80 /opt/stm32cubeide/plugins/com.st.stm32cube.ide.mcu.externaltools.gnu-tools-for-stm32.7-2018-q2-update.linux64_1.0.0.201904181610/tools/bin/../lib/gcc/arm-none-eabi/7.3.1/../../../../arm-none-eabi/lib/thumb/v7e-m/fpv4-sp/hard/libc_nano.a(lib_a-makebuf.o)
                0x0000000008004d0c                __smakebuf_r
 .text._free_r  0x0000000008004d8c       0x9c /opt/stm32cubeide/plugins/com.st.stm32cube.ide.mcu.externaltools.gnu-tools-for-stm32.7-2018-q2-update.linux64_1.0.0.201904181610/tools/bin/../lib/gcc/arm-none-eabi/7.3.1/../../../../arm-none-eabi/lib/thumb/v7e-m/fpv4-sp/hard/libc_nano.a(lib_a-nano-freer.o)
                0x0000000008004d8c                _free_r
 .text._malloc_r
                0x0000000008004e28       0xb4 /opt/stm32cubeide/plugins/com.st.stm32cube.ide.mcu.externaltools.gnu-tools-for-stm32.7-2018-q2-update.linux64_1.0.0.201904181610/tools/bin/../lib/gcc/arm-none-eabi/7.3.1/../../../../arm-none-eabi/lib/thumb/v7e-m/fpv4-sp/hard/libc_nano.a(lib_a-nano-mallocr.o)
                0x0000000008004e28                _malloc_r
 .text._sbrk_r  0x0000000008004edc       0x20 /opt/stm32cubeide/plugins/com.st.stm32cube.ide.mcu.externaltools.gnu-tools-for-stm32.7-2018-q2-update.linux64_1.0.0.201904181610/tools/bin/../lib/gcc/arm-none-eabi/7.3.1/../../../../arm-none-eabi/lib/thumb/v7e-m/fpv4-sp/hard/libc_nano.a(lib_a-sbrkr.o)
                0x0000000008004edc                _sbrk_r
 .text._raise_r
                0x0000000008004efc       0x50 /opt/stm32cubeide/plugins/com.st.stm32cube.ide.mcu.externaltools.gnu-tools-for-stm32.7-2018-q2-update.linux64_1.0.0.201904181610/tools/bin/../lib/gcc/arm-none-eabi/7.3.1/../../../../arm-none-eabi/lib/thumb/v7e-m/fpv4-sp/hard/libc_nano.a(lib_a-signal.o)
                0x0000000008004efc                _raise_r
 .text.raise    0x0000000008004f4c       0x10 /opt/stm32cubeide/plugins/com.st.stm32cube.ide.mcu.externaltools.gnu-tools-for-stm32.7-2018-q2-update.linux64_1.0.0.201904181610/tools/bin/../lib/gcc/arm-none-eabi/7.3.1/../../../../arm-none-eabi/lib/thumb/v7e-m/fpv4-sp/hard/libc_nano.a(lib_a-signal.o)
                0x0000000008004f4c                raise
 .text._kill_r  0x0000000008004f5c       0x24 /opt/stm32cubeide/plugins/com.st.stm32cube.ide.mcu.externaltools.gnu-tools-for-stm32.7-2018-q2-update.linux64_1.0.0.201904181610/tools/bin/../lib/gcc/arm-none-eabi/7.3.1/../../../../arm-none-eabi/lib/thumb/v7e-m/fpv4-sp/hard/libc_nano.a(lib_a-signalr.o)
                0x0000000008004f5c                _kill_r
 .text._getpid_r
                0x0000000008004f80        0x4 /opt/stm32cubeide/plugins/com.st.stm32cube.ide.mcu.externaltools.gnu-tools-for-stm32.7-2018-q2-update.linux64_1.0.0.201904181610/tools/bin/../lib/gcc/arm-none-eabi/7.3.1/../../../../arm-none-eabi/lib/thumb/v7e-m/fpv4-sp/hard/libc_nano.a(lib_a-signalr.o)
                0x0000000008004f80                _getpid_r
 .text.__sread  0x0000000008004f84       0x22 /opt/stm32cubeide/plugins/com.st.stm32cube.ide.mcu.externaltools.gnu-tools-for-stm32.7-2018-q2-update.linux64_1.0.0.201904181610/tools/bin/../lib/gcc/arm-none-eabi/7.3.1/../../../../arm-none-eabi/lib/thumb/v7e-m/fpv4-sp/hard/libc_nano.a(lib_a-stdio.o)
                0x0000000008004f84                __sread
 .text.__swrite
                0x0000000008004fa6       0x38 /opt/stm32cubeide/plugins/com.st.stm32cube.ide.mcu.externaltools.gnu-tools-for-stm32.7-2018-q2-update.linux64_1.0.0.201904181610/tools/bin/../lib/gcc/arm-none-eabi/7.3.1/../../../../arm-none-eabi/lib/thumb/v7e-m/fpv4-sp/hard/libc_nano.a(lib_a-stdio.o)
                0x0000000008004fa6                __swrite
 .text.__sseek  0x0000000008004fde       0x24 /opt/stm32cubeide/plugins/com.st.stm32cube.ide.mcu.externaltools.gnu-tools-for-stm32.7-2018-q2-update.linux64_1.0.0.201904181610/tools/bin/../lib/gcc/arm-none-eabi/7.3.1/../../../../arm-none-eabi/lib/thumb/v7e-m/fpv4-sp/hard/libc_nano.a(lib_a-stdio.o)
                0x0000000008004fde                __sseek
 .text.__sclose
                0x0000000008005002        0x8 /opt/stm32cubeide/plugins/com.st.stm32cube.ide.mcu.externaltools.gnu-tools-for-stm32.7-2018-q2-update.linux64_1.0.0.201904181610/tools/bin/../lib/gcc/arm-none-eabi/7.3.1/../../../../arm-none-eabi/lib/thumb/v7e-m/fpv4-sp/hard/libc_nano.a(lib_a-stdio.o)
                0x0000000008005002                __sclose
 *fill*         0x000000000800500a        0x2 
 .text._write_r
                0x000000000800500c       0x24 /opt/stm32cubeide/plugins/com.st.stm32cube.ide.mcu.externaltools.gnu-tools-for-stm32.7-2018-q2-update.linux64_1.0.0.201904181610/tools/bin/../lib/gcc/arm-none-eabi/7.3.1/../../../../arm-none-eabi/lib/thumb/v7e-m/fpv4-sp/hard/libc_nano.a(lib_a-writer.o)
                0x000000000800500c                _write_r
 .text._close_r
                0x0000000008005030       0x20 /opt/stm32cubeide/plugins/com.st.stm32cube.ide.mcu.externaltools.gnu-tools-for-stm32.7-2018-q2-update.linux64_1.0.0.201904181610/tools/bin/../lib/gcc/arm-none-eabi/7.3.1/../../../../arm-none-eabi/lib/thumb/v7e-m/fpv4-sp/hard/libc_nano.a(lib_a-closer.o)
                0x0000000008005030                _close_r
 .text._fstat_r
                0x0000000008005050       0x24 /opt/stm32cubeide/plugins/com.st.stm32cube.ide.mcu.externaltools.gnu-tools-for-stm32.7-2018-q2-update.linux64_1.0.0.201904181610/tools/bin/../lib/gcc/arm-none-eabi/7.3.1/../../../../arm-none-eabi/lib/thumb/v7e-m/fpv4-sp/hard/libc_nano.a(lib_a-fstatr.o)
                0x0000000008005050                _fstat_r
 .text._isatty_r
                0x0000000008005074       0x20 /opt/stm32cubeide/plugins/com.st.stm32cube.ide.mcu.externaltools.gnu-tools-for-stm32.7-2018-q2-update.linux64_1.0.0.201904181610/tools/bin/../lib/gcc/arm-none-eabi/7.3.1/../../../../arm-none-eabi/lib/thumb/v7e-m/fpv4-sp/hard/libc_nano.a(lib_a-isattyr.o)
                0x0000000008005074                _isatty_r
 .text._lseek_r
                0x0000000008005094       0x24 /opt/stm32cubeide/plugins/com.st.stm32cube.ide.mcu.externaltools.gnu-tools-for-stm32.7-2018-q2-update.linux64_1.0.0.201904181610/tools/bin/../lib/gcc/arm-none-eabi/7.3.1/../../../../arm-none-eabi/lib/thumb/v7e-m/fpv4-sp/hard/libc_nano.a(lib_a-lseekr.o)
                0x0000000008005094                _lseek_r
 .text.__malloc_lock
                0x00000000080050b8        0x2 /opt/stm32cubeide/plugins/com.st.stm32cube.ide.mcu.externaltools.gnu-tools-for-stm32.7-2018-q2-update.linux64_1.0.0.201904181610/tools/bin/../lib/gcc/arm-none-eabi/7.3.1/../../../../arm-none-eabi/lib/thumb/v7e-m/fpv4-sp/hard/libc_nano.a(lib_a-mlock.o)
                0x00000000080050b8                __malloc_lock
 .text.__malloc_unlock
                0x00000000080050ba        0x2 /opt/stm32cubeide/plugins/com.st.stm32cube.ide.mcu.externaltools.gnu-tools-for-stm32.7-2018-q2-update.linux64_1.0.0.201904181610/tools/bin/../lib/gcc/arm-none-eabi/7.3.1/../../../../arm-none-eabi/lib/thumb/v7e-m/fpv4-sp/hard/libc_nano.a(lib_a-mlock.o)
                0x00000000080050ba                __malloc_unlock
 .text._read_r  0x00000000080050bc       0x24 /opt/stm32cubeide/plugins/com.st.stm32cube.ide.mcu.externaltools.gnu-tools-for-stm32.7-2018-q2-update.linux64_1.0.0.201904181610/tools/bin/../lib/gcc/arm-none-eabi/7.3.1/../../../../arm-none-eabi/lib/thumb/v7e-m/fpv4-sp/hard/libc_nano.a(lib_a-readr.o)
                0x00000000080050bc                _read_r
 *(.glue_7)
 .glue_7        0x00000000080050e0        0x0 linker stubs
 *(.glue_7t)
 .glue_7t       0x00000000080050e0        0x0 linker stubs
 *(.eh_frame)
 .eh_frame      0x00000000080050e0        0x0 /opt/stm32cubeide/plugins/com.st.stm32cube.ide.mcu.externaltools.gnu-tools-for-stm32.7-2018-q2-update.linux64_1.0.0.201904181610/tools/bin/../lib/gcc/arm-none-eabi/7.3.1/thumb/v7e-m/fpv4-sp/hard/crtbegin.o
 *(.init)
 .init          0x00000000080050e0        0x4 /opt/stm32cubeide/plugins/com.st.stm32cube.ide.mcu.externaltools.gnu-tools-for-stm32.7-2018-q2-update.linux64_1.0.0.201904181610/tools/bin/../lib/gcc/arm-none-eabi/7.3.1/thumb/v7e-m/fpv4-sp/hard/crti.o
                0x00000000080050e0                _init
 .init          0x00000000080050e4        0x8 /opt/stm32cubeide/plugins/com.st.stm32cube.ide.mcu.externaltools.gnu-tools-for-stm32.7-2018-q2-update.linux64_1.0.0.201904181610/tools/bin/../lib/gcc/arm-none-eabi/7.3.1/thumb/v7e-m/fpv4-sp/hard/crtn.o
 *(.fini)
 .fini          0x00000000080050ec        0x4 /opt/stm32cubeide/plugins/com.st.stm32cube.ide.mcu.externaltools.gnu-tools-for-stm32.7-2018-q2-update.linux64_1.0.0.201904181610/tools/bin/../lib/gcc/arm-none-eabi/7.3.1/thumb/v7e-m/fpv4-sp/hard/crti.o
                0x00000000080050ec                _fini
 .fini          0x00000000080050f0        0x8 /opt/stm32cubeide/plugins/com.st.stm32cube.ide.mcu.externaltools.gnu-tools-for-stm32.7-2018-q2-update.linux64_1.0.0.201904181610/tools/bin/../lib/gcc/arm-none-eabi/7.3.1/thumb/v7e-m/fpv4-sp/hard/crtn.o
                0x00000000080050f8                . = ALIGN (0x4)
                0x00000000080050f8                _etext = .

.vfp11_veneer   0x00000000080050f8        0x0
 .vfp11_veneer  0x00000000080050f8        0x0 linker stubs

.v4_bx          0x00000000080050f8        0x0
 .v4_bx         0x00000000080050f8        0x0 linker stubs

.iplt           0x00000000080050f8        0x0
 .iplt          0x00000000080050f8        0x0 /opt/stm32cubeide/plugins/com.st.stm32cube.ide.mcu.externaltools.gnu-tools-for-stm32.7-2018-q2-update.linux64_1.0.0.201904181610/tools/bin/../lib/gcc/arm-none-eabi/7.3.1/thumb/v7e-m/fpv4-sp/hard/crtbegin.o

.rodata         0x00000000080050f8      0x264
                0x00000000080050f8                . = ALIGN (0x4)
 *(.rodata)
 .rodata        0x00000000080050f8       0xac App/Src/app_main.o
 .rodata        0x00000000080051a4       0x76 App/Src/ubx_stream_parser.o
 *(.rodata*)
 *fill*         0x000000000800521a        0x2 
 .rodata.STREAM_OFFSET_TAB
                0x000000000800521c        0x8 App/Src/app_main.o
 .rodata.__func__.10769
                0x0000000008005224        0xd App/Src/app_main.o
 *fill*         0x0000000008005231        0x3 
 .rodata.__func__.5924
                0x0000000008005234       0x18 App/Src/ubx_stream_parser.o
 .rodata.__func__.5932
                0x000000000800524c       0x19 App/Src/ubx_stream_parser.o
 *fill*         0x0000000008005265        0x3 
 .rodata.STREAM_OFFSET_TAB
                0x0000000008005268        0x8 Core/Src/main.o
 .rodata.AHBPrescTable
                0x0000000008005270       0x10 Core/Src/system_stm32f4xx.o
                0x0000000008005270                AHBPrescTable
 .rodata.APBPrescTable
                0x0000000008005280        0x8 Core/Src/system_stm32f4xx.o
                0x0000000008005280                APBPrescTable
 .rodata.__assert_func.str1.1
                0x0000000008005288       0x3c /opt/stm32cubeide/plugins/com.st.stm32cube.ide.mcu.externaltools.gnu-tools-for-stm32.7-2018-q2-update.linux64_1.0.0.201904181610/tools/bin/../lib/gcc/arm-none-eabi/7.3.1/../../../../arm-none-eabi/lib/thumb/v7e-m/fpv4-sp/hard/libc_nano.a(lib_a-assert.o)
                                         0x3d (size before relaxing)
 .rodata._global_impure_ptr
                0x00000000080052c4        0x4 /opt/stm32cubeide/plugins/com.st.stm32cube.ide.mcu.externaltools.gnu-tools-for-stm32.7-2018-q2-update.linux64_1.0.0.201904181610/tools/bin/../lib/gcc/arm-none-eabi/7.3.1/../../../../arm-none-eabi/lib/thumb/v7e-m/fpv4-sp/hard/libc_nano.a(lib_a-impure.o)
                0x00000000080052c4                _global_impure_ptr
 .rodata._vfprintf_r.str1.1
                0x00000000080052c8       0x11 /opt/stm32cubeide/plugins/com.st.stm32cube.ide.mcu.externaltools.gnu-tools-for-stm32.7-2018-q2-update.linux64_1.0.0.201904181610/tools/bin/../lib/gcc/arm-none-eabi/7.3.1/../../../../arm-none-eabi/lib/thumb/v7e-m/fpv4-sp/hard/libc_nano.a(lib_a-nano-vfprintf.o)
 .rodata._printf_i.str1.1
                0x00000000080052d9       0x22 /opt/stm32cubeide/plugins/com.st.stm32cube.ide.mcu.externaltools.gnu-tools-for-stm32.7-2018-q2-update.linux64_1.0.0.201904181610/tools/bin/../lib/gcc/arm-none-eabi/7.3.1/../../../../arm-none-eabi/lib/thumb/v7e-m/fpv4-sp/hard/libc_nano.a(lib_a-nano-vfprintf_i.o)
 *fill*         0x00000000080052fb        0x1 
 .rodata.__sf_fake_stderr
                0x00000000080052fc       0x20 /opt/stm32cubeide/plugins/com.st.stm32cube.ide.mcu.externaltools.gnu-tools-for-stm32.7-2018-q2-update.linux64_1.0.0.201904181610/tools/bin/../lib/gcc/arm-none-eabi/7.3.1/../../../../arm-none-eabi/lib/thumb/v7e-m/fpv4-sp/hard/libc_nano.a(lib_a-findfp.o)
                0x00000000080052fc                __sf_fake_stderr
 .rodata.__sf_fake_stdin
                0x000000000800531c       0x20 /opt/stm32cubeide/plugins/com.st.stm32cube.ide.mcu.externaltools.gnu-tools-for-stm32.7-2018-q2-update.linux64_1.0.0.201904181610/tools/bin/../lib/gcc/arm-none-eabi/7.3.1/../../../../arm-none-eabi/lib/thumb/v7e-m/fpv4-sp/hard/libc_nano.a(lib_a-findfp.o)
                0x000000000800531c                __sf_fake_stdin
 .rodata.__sf_fake_stdout
                0x000000000800533c       0x20 /opt/stm32cubeide/plugins/com.st.stm32cube.ide.mcu.externaltools.gnu-tools-for-stm32.7-2018-q2-update.linux64_1.0.0.201904181610/tools/bin/../lib/gcc/arm-none-eabi/7.3.1/../../../../arm-none-eabi/lib/thumb/v7e-m/fpv4-sp/hard/libc_nano.a(lib_a-findfp.o)
                0x000000000800533c                __sf_fake_stdout
                0x000000000800535c                . = ALIGN (0x4)

.ARM.extab      0x000000000800535c        0x0
                0x000000000800535c                . = ALIGN (0x4)
 *(.ARM.extab* .gnu.linkonce.armextab.*)
                0x000000000800535c                . = ALIGN (0x4)

.ARM            0x000000000800535c        0x8
                0x000000000800535c                . = ALIGN (0x4)
                0x000000000800535c                __exidx_start = .
 *(.ARM.exidx*)
 .ARM.exidx     0x000000000800535c        0x8 /opt/stm32cubeide/plugins/com.st.stm32cube.ide.mcu.externaltools.gnu-tools-for-stm32.7-2018-q2-update.linux64_1.0.0.201904181610/tools/bin/../lib/gcc/arm-none-eabi/7.3.1/thumb/v7e-m/fpv4-sp/hard/libgcc.a(_udivmoddi4.o)
                0x0000000008005364                __exidx_end = .
                0x0000000008005364                . = ALIGN (0x4)

.rel.dyn        0x0000000008005364        0x0
 .rel.iplt      0x0000000008005364        0x0 /opt/stm32cubeide/plugins/com.st.stm32cube.ide.mcu.externaltools.gnu-tools-for-stm32.7-2018-q2-update.linux64_1.0.0.201904181610/tools/bin/../lib/gcc/arm-none-eabi/7.3.1/thumb/v7e-m/fpv4-sp/hard/crtbegin.o

.preinit_array  0x0000000008005364        0x0
                0x0000000008005364                . = ALIGN (0x4)
                0x0000000008005364                PROVIDE (__preinit_array_start = .)
 *(.preinit_array*)
                0x0000000008005364                PROVIDE (__preinit_array_end = .)
                0x0000000008005364                . = ALIGN (0x4)

.init_array     0x0000000008005364        0x4
                0x0000000008005364                . = ALIGN (0x4)
                0x0000000008005364                PROVIDE (__init_array_start = .)
 *(SORT_BY_NAME(.init_array.*))
 *(.init_array*)
 .init_array    0x0000000008005364        0x4 /opt/stm32cubeide/plugins/com.st.stm32cube.ide.mcu.externaltools.gnu-tools-for-stm32.7-2018-q2-update.linux64_1.0.0.201904181610/tools/bin/../lib/gcc/arm-none-eabi/7.3.1/thumb/v7e-m/fpv4-sp/hard/crtbegin.o
                0x0000000008005368                PROVIDE (__init_array_end = .)
                0x0000000008005368                . = ALIGN (0x4)

.fini_array     0x0000000008005368        0x4
                0x0000000008005368                . = ALIGN (0x4)
                [!provide]                        PROVIDE (__fini_array_start = .)
 *(SORT_BY_NAME(.fini_array.*))
 *(.fini_array*)
 .fini_array    0x0000000008005368        0x4 /opt/stm32cubeide/plugins/com.st.stm32cube.ide.mcu.externaltools.gnu-tools-for-stm32.7-2018-q2-update.linux64_1.0.0.201904181610/tools/bin/../lib/gcc/arm-none-eabi/7.3.1/thumb/v7e-m/fpv4-sp/hard/crtbegin.o
                [!provide]                        PROVIDE (__fini_array_end = .)
                0x000000000800536c                . = ALIGN (0x4)
                0x000000000800536c                _sidata = LOADADDR (.data)

.data           0x0000000020000000       0x70 load address 0x000000000800536c
                0x0000000020000000                . = ALIGN (0x4)
                0x0000000020000000                _sdata = .
 *(.data)
 *(.data*)
 .data.SystemCoreClock
                0x0000000020000000        0x4 Core/Src/system_stm32f4xx.o
                0x0000000020000000                SystemCoreClock
 .data.uwTickPrio
                0x0000000020000004        0x4 Drivers/STM32F4xx_HAL_Driver/Src/stm32f4xx_hal.o
                0x0000000020000004                uwTickPrio
 .data.uwTickFreq
                0x0000000020000008        0x1 Drivers/STM32F4xx_HAL_Driver/Src/stm32f4xx_hal.o
                0x0000000020000008                uwTickFreq
 *fill*         0x0000000020000009        0x3 
 .data._impure_ptr
                0x000000002000000c        0x4 /opt/stm32cubeide/plugins/com.st.stm32cube.ide.mcu.externaltools.gnu-tools-for-stm32.7-2018-q2-update.linux64_1.0.0.201904181610/tools/bin/../lib/gcc/arm-none-eabi/7.3.1/../../../../arm-none-eabi/lib/thumb/v7e-m/fpv4-sp/hard/libc_nano.a(lib_a-impure.o)
                0x000000002000000c                _impure_ptr
 .data.impure_data
                0x0000000020000010       0x60 /opt/stm32cubeide/plugins/com.st.stm32cube.ide.mcu.externaltools.gnu-tools-for-stm32.7-2018-q2-update.linux64_1.0.0.201904181610/tools/bin/../lib/gcc/arm-none-eabi/7.3.1/../../../../arm-none-eabi/lib/thumb/v7e-m/fpv4-sp/hard/libc_nano.a(lib_a-impure.o)
                0x0000000020000070                . = ALIGN (0x4)
                0x0000000020000070                _edata = .

.igot.plt       0x0000000020000070        0x0 load address 0x00000000080053dc
 .igot.plt      0x0000000020000070        0x0 /opt/stm32cubeide/plugins/com.st.stm32cube.ide.mcu.externaltools.gnu-tools-for-stm32.7-2018-q2-update.linux64_1.0.0.201904181610/tools/bin/../lib/gcc/arm-none-eabi/7.3.1/thumb/v7e-m/fpv4-sp/hard/crtbegin.o
                0x0000000020000070                . = ALIGN (0x4)

.bss            0x0000000020000070      0x884 load address 0x00000000080053dc
                0x0000000020000070                _sbss = .
                0x0000000020000070                __bss_start__ = _sbss
 *(.bss)
 .bss           0x0000000020000070       0x1c /opt/stm32cubeide/plugins/com.st.stm32cube.ide.mcu.externaltools.gnu-tools-for-stm32.7-2018-q2-update.linux64_1.0.0.201904181610/tools/bin/../lib/gcc/arm-none-eabi/7.3.1/thumb/v7e-m/fpv4-sp/hard/crtbegin.o
 *(.bss*)
 .bss._gps_uart_dma_buffer
                0x000000002000008c      0x5dc App/Src/app_main.o
 .bss._gps_uart_dma_tail
                0x0000000020000668        0x4 App/Src/app_main.o
 .bss._gps_sparser_buffer
                0x000000002000066c      0x1f4 App/Src/app_main.o
 .bss.sparser_ctx
                0x0000000020000860       0x20 App/Src/app_main.o
 .bss.heap_end.6424
                0x0000000020000880        0x4 Core/Src/sysmem.o
 .bss.__malloc_free_list
                0x0000000020000884        0x4 /opt/stm32cubeide/plugins/com.st.stm32cube.ide.mcu.externaltools.gnu-tools-for-stm32.7-2018-q2-update.linux64_1.0.0.201904181610/tools/bin/../lib/gcc/arm-none-eabi/7.3.1/../../../../arm-none-eabi/lib/thumb/v7e-m/fpv4-sp/hard/libc_nano.a(lib_a-nano-mallocr.o)
                0x0000000020000884                __malloc_free_list
 .bss.__malloc_sbrk_start
                0x0000000020000888        0x4 /opt/stm32cubeide/plugins/com.st.stm32cube.ide.mcu.externaltools.gnu-tools-for-stm32.7-2018-q2-update.linux64_1.0.0.201904181610/tools/bin/../lib/gcc/arm-none-eabi/7.3.1/../../../../arm-none-eabi/lib/thumb/v7e-m/fpv4-sp/hard/libc_nano.a(lib_a-nano-mallocr.o)
                0x0000000020000888                __malloc_sbrk_start
 *(COMMON)
 COMMON         0x000000002000088c       0x60 Core/Src/main.o
                0x000000002000088c                huart1
                0x00000000200008cc                hrtc
 COMMON         0x00000000200008ec        0x4 Drivers/STM32F4xx_HAL_Driver/Src/stm32f4xx_hal.o
                0x00000000200008ec                uwTick
 COMMON         0x00000000200008f0        0x4 /opt/stm32cubeide/plugins/com.st.stm32cube.ide.mcu.externaltools.gnu-tools-for-stm32.7-2018-q2-update.linux64_1.0.0.201904181610/tools/bin/../lib/gcc/arm-none-eabi/7.3.1/../../../../arm-none-eabi/lib/thumb/v7e-m/fpv4-sp/hard/libc_nano.a(lib_a-reent.o)
                0x00000000200008f0                errno
                0x00000000200008f4                . = ALIGN (0x4)
                0x00000000200008f4                _ebss = .
                0x00000000200008f4                __bss_end__ = _ebss

._user_heap_stack
                0x00000000200008f4      0x604 load address 0x00000000080053dc
                0x00000000200008f8                . = ALIGN (0x8)
 *fill*         0x00000000200008f4        0x4 
                0x00000000200008f8                PROVIDE (end = .)
                [!provide]                        PROVIDE (_end = .)
                0x0000000020000af8                . = (. + _Min_Heap_Size)
 *fill*         0x00000000200008f8      0x200 
                0x0000000020000ef8                . = (. + _Min_Stack_Size)
 *fill*         0x0000000020000af8      0x400 
                0x0000000020000ef8                . = ALIGN (0x8)

/DISCARD/
 libc.a(*)
 libm.a(*)
 libgcc.a(*)

.ARM.attributes
                0x0000000000000000       0x30
 *(.ARM.attributes)
 .ARM.attributes
                0x0000000000000000       0x22 /opt/stm32cubeide/plugins/com.st.stm32cube.ide.mcu.externaltools.gnu-tools-for-stm32.7-2018-q2-update.linux64_1.0.0.201904181610/tools/bin/../lib/gcc/arm-none-eabi/7.3.1/thumb/v7e-m/fpv4-sp/hard/crti.o
 .ARM.attributes
                0x0000000000000022       0x34 /opt/stm32cubeide/plugins/com.st.stm32cube.ide.mcu.externaltools.gnu-tools-for-stm32.7-2018-q2-update.linux64_1.0.0.201904181610/tools/bin/../lib/gcc/arm-none-eabi/7.3.1/thumb/v7e-m/fpv4-sp/hard/crtbegin.o
 .ARM.attributes
                0x0000000000000056       0x39 App/Src/app_main.o
 .ARM.attributes
                0x000000000000008f       0x39 App/Src/syscalls.o
 .ARM.attributes
                0x00000000000000c8       0x39 App/Src/ubx_packet_parser.o
 .ARM.attributes
                0x0000000000000101       0x39 App/Src/ubx_stream_parser.o
 .ARM.attributes
                0x000000000000013a       0x39 Core/Src/main.o
 .ARM.attributes
                0x0000000000000173       0x39 Core/Src/stm32f4xx_hal_msp.o
 .ARM.attributes
                0x00000000000001ac       0x39 Core/Src/stm32f4xx_it.o
 .ARM.attributes
                0x00000000000001e5       0x39 Core/Src/syscalls.o
 .ARM.attributes
                0x000000000000021e       0x39 Core/Src/sysmem.o
 .ARM.attributes
                0x0000000000000257       0x39 Core/Src/system_stm32f4xx.o
 .ARM.attributes
                0x0000000000000290       0x21 Core/Startup/startup_stm32f407vetx.o
 .ARM.attributes
                0x00000000000002b1       0x39 Drivers/STM32F4xx_HAL_Driver/Src/stm32f4xx_hal.o
 .ARM.attributes
                0x00000000000002ea       0x39 Drivers/STM32F4xx_HAL_Driver/Src/stm32f4xx_hal_cortex.o
 .ARM.attributes
                0x0000000000000323       0x39 Drivers/STM32F4xx_HAL_Driver/Src/stm32f4xx_hal_gpio.o
 .ARM.attributes
                0x000000000000035c       0x39 Drivers/STM32F4xx_HAL_Driver/Src/stm32f4xx_hal_rcc.o
 .ARM.attributes
                0x0000000000000395       0x39 Drivers/STM32F4xx_HAL_Driver/Src/stm32f4xx_hal_rcc_ex.o
 .ARM.attributes
                0x00000000000003ce       0x39 Drivers/STM32F4xx_HAL_Driver/Src/stm32f4xx_hal_rtc.o
 .ARM.attributes
                0x0000000000000407       0x39 Drivers/STM32F4xx_HAL_Driver/Src/stm32f4xx_hal_uart.o
 .ARM.attributes
                0x0000000000000440       0x39 Drivers/STM32F4xx_HAL_Driver/Src/stm32f4xx_ll_gpio.o
 .ARM.attributes
                0x0000000000000479       0x39 Drivers/STM32F4xx_HAL_Driver/Src/stm32f4xx_ll_rcc.o
 .ARM.attributes
                0x00000000000004b2       0x39 Drivers/STM32F4xx_HAL_Driver/Src/stm32f4xx_ll_usart.o
 .ARM.attributes
                0x00000000000004eb       0x34 /opt/stm32cubeide/plugins/com.st.stm32cube.ide.mcu.externaltools.gnu-tools-for-stm32.7-2018-q2-update.linux64_1.0.0.201904181610/tools/bin/../lib/gcc/arm-none-eabi/7.3.1/../../../../arm-none-eabi/lib/thumb/v7e-m/fpv4-sp/hard/libc_nano.a(lib_a-assert.o)
 .ARM.attributes
                0x000000000000051f       0x34 /opt/stm32cubeide/plugins/com.st.stm32cube.ide.mcu.externaltools.gnu-tools-for-stm32.7-2018-q2-update.linux64_1.0.0.201904181610/tools/bin/../lib/gcc/arm-none-eabi/7.3.1/../../../../arm-none-eabi/lib/thumb/v7e-m/fpv4-sp/hard/libc_nano.a(lib_a-errno.o)
 .ARM.attributes
                0x0000000000000553       0x34 /opt/stm32cubeide/plugins/com.st.stm32cube.ide.mcu.externaltools.gnu-tools-for-stm32.7-2018-q2-update.linux64_1.0.0.201904181610/tools/bin/../lib/gcc/arm-none-eabi/7.3.1/../../../../arm-none-eabi/lib/thumb/v7e-m/fpv4-sp/hard/libc_nano.a(lib_a-fprintf.o)
 .ARM.attributes
                0x0000000000000587       0x34 /opt/stm32cubeide/plugins/com.st.stm32cube.ide.mcu.externaltools.gnu-tools-for-stm32.7-2018-q2-update.linux64_1.0.0.201904181610/tools/bin/../lib/gcc/arm-none-eabi/7.3.1/../../../../arm-none-eabi/lib/thumb/v7e-m/fpv4-sp/hard/libc_nano.a(lib_a-impure.o)
 .ARM.attributes
                0x00000000000005bb       0x34 /opt/stm32cubeide/plugins/com.st.stm32cube.ide.mcu.externaltools.gnu-tools-for-stm32.7-2018-q2-update.linux64_1.0.0.201904181610/tools/bin/../lib/gcc/arm-none-eabi/7.3.1/../../../../arm-none-eabi/lib/thumb/v7e-m/fpv4-sp/hard/libc_nano.a(lib_a-init.o)
 .ARM.attributes
                0x00000000000005ef       0x34 /opt/stm32cubeide/plugins/com.st.stm32cube.ide.mcu.externaltools.gnu-tools-for-stm32.7-2018-q2-update.linux64_1.0.0.201904181610/tools/bin/../lib/gcc/arm-none-eabi/7.3.1/../../../../arm-none-eabi/lib/thumb/v7e-m/fpv4-sp/hard/libc_nano.a(lib_a-memset.o)
 .ARM.attributes
                0x0000000000000623       0x34 /opt/stm32cubeide/plugins/com.st.stm32cube.ide.mcu.externaltools.gnu-tools-for-stm32.7-2018-q2-update.linux64_1.0.0.201904181610/tools/bin/../lib/gcc/arm-none-eabi/7.3.1/../../../../arm-none-eabi/lib/thumb/v7e-m/fpv4-sp/hard/libc_nano.a(lib_a-nano-vfprintf.o)
 .ARM.attributes
                0x0000000000000657       0x34 /opt/stm32cubeide/plugins/com.st.stm32cube.ide.mcu.externaltools.gnu-tools-for-stm32.7-2018-q2-update.linux64_1.0.0.201904181610/tools/bin/../lib/gcc/arm-none-eabi/7.3.1/../../../../arm-none-eabi/lib/thumb/v7e-m/fpv4-sp/hard/libc_nano.a(lib_a-nano-vfprintf_i.o)
 .ARM.attributes
                0x000000000000068b       0x34 /opt/stm32cubeide/plugins/com.st.stm32cube.ide.mcu.externaltools.gnu-tools-for-stm32.7-2018-q2-update.linux64_1.0.0.201904181610/tools/bin/../lib/gcc/arm-none-eabi/7.3.1/../../../../arm-none-eabi/lib/thumb/v7e-m/fpv4-sp/hard/libc_nano.a(lib_a-printf.o)
 .ARM.attributes
                0x00000000000006bf       0x34 /opt/stm32cubeide/plugins/com.st.stm32cube.ide.mcu.externaltools.gnu-tools-for-stm32.7-2018-q2-update.linux64_1.0.0.201904181610/tools/bin/../lib/gcc/arm-none-eabi/7.3.1/../../../../arm-none-eabi/lib/thumb/v7e-m/fpv4-sp/hard/libc_nano.a(lib_a-wbuf.o)
 .ARM.attributes
                0x00000000000006f3       0x34 /opt/stm32cubeide/plugins/com.st.stm32cube.ide.mcu.externaltools.gnu-tools-for-stm32.7-2018-q2-update.linux64_1.0.0.201904181610/tools/bin/../lib/gcc/arm-none-eabi/7.3.1/../../../../arm-none-eabi/lib/thumb/v7e-m/fpv4-sp/hard/libc_nano.a(lib_a-wsetup.o)
 .ARM.attributes
                0x0000000000000727       0x34 /opt/stm32cubeide/plugins/com.st.stm32cube.ide.mcu.externaltools.gnu-tools-for-stm32.7-2018-q2-update.linux64_1.0.0.201904181610/tools/bin/../lib/gcc/arm-none-eabi/7.3.1/../../../../arm-none-eabi/lib/thumb/v7e-m/fpv4-sp/hard/libc_nano.a(lib_a-abort.o)
 .ARM.attributes
                0x000000000000075b       0x34 /opt/stm32cubeide/plugins/com.st.stm32cube.ide.mcu.externaltools.gnu-tools-for-stm32.7-2018-q2-update.linux64_1.0.0.201904181610/tools/bin/../lib/gcc/arm-none-eabi/7.3.1/../../../../arm-none-eabi/lib/thumb/v7e-m/fpv4-sp/hard/libc_nano.a(lib_a-fflush.o)
 .ARM.attributes
                0x000000000000078f       0x34 /opt/stm32cubeide/plugins/com.st.stm32cube.ide.mcu.externaltools.gnu-tools-for-stm32.7-2018-q2-update.linux64_1.0.0.201904181610/tools/bin/../lib/gcc/arm-none-eabi/7.3.1/../../../../arm-none-eabi/lib/thumb/v7e-m/fpv4-sp/hard/libc_nano.a(lib_a-findfp.o)
 .ARM.attributes
                0x00000000000007c3       0x34 /opt/stm32cubeide/plugins/com.st.stm32cube.ide.mcu.externaltools.gnu-tools-for-stm32.7-2018-q2-update.linux64_1.0.0.201904181610/tools/bin/../lib/gcc/arm-none-eabi/7.3.1/../../../../arm-none-eabi/lib/thumb/v7e-m/fpv4-sp/hard/libc_nano.a(lib_a-fwalk.o)
 .ARM.attributes
                0x00000000000007f7       0x34 /opt/stm32cubeide/plugins/com.st.stm32cube.ide.mcu.externaltools.gnu-tools-for-stm32.7-2018-q2-update.linux64_1.0.0.201904181610/tools/bin/../lib/gcc/arm-none-eabi/7.3.1/../../../../arm-none-eabi/lib/thumb/v7e-m/fpv4-sp/hard/libc_nano.a(lib_a-makebuf.o)
 .ARM.attributes
                0x000000000000082b       0x20 /opt/stm32cubeide/plugins/com.st.stm32cube.ide.mcu.externaltools.gnu-tools-for-stm32.7-2018-q2-update.linux64_1.0.0.201904181610/tools/bin/../lib/gcc/arm-none-eabi/7.3.1/../../../../arm-none-eabi/lib/thumb/v7e-m/fpv4-sp/hard/libc_nano.a(lib_a-memchr.o)
 .ARM.attributes
                0x000000000000084b       0x34 /opt/stm32cubeide/plugins/com.st.stm32cube.ide.mcu.externaltools.gnu-tools-for-stm32.7-2018-q2-update.linux64_1.0.0.201904181610/tools/bin/../lib/gcc/arm-none-eabi/7.3.1/../../../../arm-none-eabi/lib/thumb/v7e-m/fpv4-sp/hard/libc_nano.a(lib_a-nano-freer.o)
 .ARM.attributes
                0x000000000000087f       0x34 /opt/stm32cubeide/plugins/com.st.stm32cube.ide.mcu.externaltools.gnu-tools-for-stm32.7-2018-q2-update.linux64_1.0.0.201904181610/tools/bin/../lib/gcc/arm-none-eabi/7.3.1/../../../../arm-none-eabi/lib/thumb/v7e-m/fpv4-sp/hard/libc_nano.a(lib_a-nano-mallocr.o)
 .ARM.attributes
                0x00000000000008b3       0x34 /opt/stm32cubeide/plugins/com.st.stm32cube.ide.mcu.externaltools.gnu-tools-for-stm32.7-2018-q2-update.linux64_1.0.0.201904181610/tools/bin/../lib/gcc/arm-none-eabi/7.3.1/../../../../arm-none-eabi/lib/thumb/v7e-m/fpv4-sp/hard/libc_nano.a(lib_a-sbrkr.o)
 .ARM.attributes
                0x00000000000008e7       0x34 /opt/stm32cubeide/plugins/com.st.stm32cube.ide.mcu.externaltools.gnu-tools-for-stm32.7-2018-q2-update.linux64_1.0.0.201904181610/tools/bin/../lib/gcc/arm-none-eabi/7.3.1/../../../../arm-none-eabi/lib/thumb/v7e-m/fpv4-sp/hard/libc_nano.a(lib_a-signal.o)
 .ARM.attributes
                0x000000000000091b       0x34 /opt/stm32cubeide/plugins/com.st.stm32cube.ide.mcu.externaltools.gnu-tools-for-stm32.7-2018-q2-update.linux64_1.0.0.201904181610/tools/bin/../lib/gcc/arm-none-eabi/7.3.1/../../../../arm-none-eabi/lib/thumb/v7e-m/fpv4-sp/hard/libc_nano.a(lib_a-signalr.o)
 .ARM.attributes
                0x000000000000094f       0x34 /opt/stm32cubeide/plugins/com.st.stm32cube.ide.mcu.externaltools.gnu-tools-for-stm32.7-2018-q2-update.linux64_1.0.0.201904181610/tools/bin/../lib/gcc/arm-none-eabi/7.3.1/../../../../arm-none-eabi/lib/thumb/v7e-m/fpv4-sp/hard/libc_nano.a(lib_a-stdio.o)
 .ARM.attributes
                0x0000000000000983       0x34 /opt/stm32cubeide/plugins/com.st.stm32cube.ide.mcu.externaltools.gnu-tools-for-stm32.7-2018-q2-update.linux64_1.0.0.201904181610/tools/bin/../lib/gcc/arm-none-eabi/7.3.1/../../../../arm-none-eabi/lib/thumb/v7e-m/fpv4-sp/hard/libc_nano.a(lib_a-writer.o)
 .ARM.attributes
                0x00000000000009b7       0x34 /opt/stm32cubeide/plugins/com.st.stm32cube.ide.mcu.externaltools.gnu-tools-for-stm32.7-2018-q2-update.linux64_1.0.0.201904181610/tools/bin/../lib/gcc/arm-none-eabi/7.3.1/../../../../arm-none-eabi/lib/thumb/v7e-m/fpv4-sp/hard/libc_nano.a(lib_a-closer.o)
 .ARM.attributes
                0x00000000000009eb       0x34 /opt/stm32cubeide/plugins/com.st.stm32cube.ide.mcu.externaltools.gnu-tools-for-stm32.7-2018-q2-update.linux64_1.0.0.201904181610/tools/bin/../lib/gcc/arm-none-eabi/7.3.1/../../../../arm-none-eabi/lib/thumb/v7e-m/fpv4-sp/hard/libc_nano.a(lib_a-fstatr.o)
 .ARM.attributes
                0x0000000000000a1f       0x34 /opt/stm32cubeide/plugins/com.st.stm32cube.ide.mcu.externaltools.gnu-tools-for-stm32.7-2018-q2-update.linux64_1.0.0.201904181610/tools/bin/../lib/gcc/arm-none-eabi/7.3.1/../../../../arm-none-eabi/lib/thumb/v7e-m/fpv4-sp/hard/libc_nano.a(lib_a-isattyr.o)
 .ARM.attributes
                0x0000000000000a53       0x34 /opt/stm32cubeide/plugins/com.st.stm32cube.ide.mcu.externaltools.gnu-tools-for-stm32.7-2018-q2-update.linux64_1.0.0.201904181610/tools/bin/../lib/gcc/arm-none-eabi/7.3.1/../../../../arm-none-eabi/lib/thumb/v7e-m/fpv4-sp/hard/libc_nano.a(lib_a-lseekr.o)
 .ARM.attributes
                0x0000000000000a87       0x34 /opt/stm32cubeide/plugins/com.st.stm32cube.ide.mcu.externaltools.gnu-tools-for-stm32.7-2018-q2-update.linux64_1.0.0.201904181610/tools/bin/../lib/gcc/arm-none-eabi/7.3.1/../../../../arm-none-eabi/lib/thumb/v7e-m/fpv4-sp/hard/libc_nano.a(lib_a-mlock.o)
 .ARM.attributes
                0x0000000000000abb       0x34 /opt/stm32cubeide/plugins/com.st.stm32cube.ide.mcu.externaltools.gnu-tools-for-stm32.7-2018-q2-update.linux64_1.0.0.201904181610/tools/bin/../lib/gcc/arm-none-eabi/7.3.1/../../../../arm-none-eabi/lib/thumb/v7e-m/fpv4-sp/hard/libc_nano.a(lib_a-readr.o)
 .ARM.attributes
                0x0000000000000aef       0x34 /opt/stm32cubeide/plugins/com.st.stm32cube.ide.mcu.externaltools.gnu-tools-for-stm32.7-2018-q2-update.linux64_1.0.0.201904181610/tools/bin/../lib/gcc/arm-none-eabi/7.3.1/../../../../arm-none-eabi/lib/thumb/v7e-m/fpv4-sp/hard/libc_nano.a(lib_a-reent.o)
 .ARM.attributes
                0x0000000000000b23       0x22 /opt/stm32cubeide/plugins/com.st.stm32cube.ide.mcu.externaltools.gnu-tools-for-stm32.7-2018-q2-update.linux64_1.0.0.201904181610/tools/bin/../lib/gcc/arm-none-eabi/7.3.1/thumb/v7e-m/fpv4-sp/hard/libgcc.a(_aeabi_uldivmod.o)
 .ARM.attributes
                0x0000000000000b45       0x34 /opt/stm32cubeide/plugins/com.st.stm32cube.ide.mcu.externaltools.gnu-tools-for-stm32.7-2018-q2-update.linux64_1.0.0.201904181610/tools/bin/../lib/gcc/arm-none-eabi/7.3.1/thumb/v7e-m/fpv4-sp/hard/libgcc.a(_udivmoddi4.o)
 .ARM.attributes
                0x0000000000000b79       0x22 /opt/stm32cubeide/plugins/com.st.stm32cube.ide.mcu.externaltools.gnu-tools-for-stm32.7-2018-q2-update.linux64_1.0.0.201904181610/tools/bin/../lib/gcc/arm-none-eabi/7.3.1/thumb/v7e-m/fpv4-sp/hard/libgcc.a(_dvmd_tls.o)
 .ARM.attributes
                0x0000000000000b9b       0x22 /opt/stm32cubeide/plugins/com.st.stm32cube.ide.mcu.externaltools.gnu-tools-for-stm32.7-2018-q2-update.linux64_1.0.0.201904181610/tools/bin/../lib/gcc/arm-none-eabi/7.3.1/thumb/v7e-m/fpv4-sp/hard/crtn.o
OUTPUT(stm32f4-rtc-fromgps.elf elf32-littlearm)

.debug_info     0x0000000000000000     0xe9bd
 .debug_info    0x0000000000000000     0x15db App/Src/app_main.o
 .debug_info    0x00000000000015db      0x945 App/Src/syscalls.o
 .debug_info    0x0000000000001f20      0xbc9 App/Src/ubx_packet_parser.o
 .debug_info    0x0000000000002ae9      0xcd2 App/Src/ubx_stream_parser.o
 .debug_info    0x00000000000037bb     0x1993 Core/Src/main.o
 .debug_info    0x000000000000514e      0xccd Core/Src/stm32f4xx_hal_msp.o
 .debug_info    0x0000000000005e1b      0x9b4 Core/Src/stm32f4xx_it.o
 .debug_info    0x00000000000067cf      0xebd Core/Src/syscalls.o
 .debug_info    0x000000000000768c      0x91c Core/Src/sysmem.o
 .debug_info    0x0000000000007fa8      0x554 Core/Src/system_stm32f4xx.o
 .debug_info    0x00000000000084fc       0x22 Core/Startup/startup_stm32f407vetx.o
 .debug_info    0x000000000000851e      0x945 Drivers/STM32F4xx_HAL_Driver/Src/stm32f4xx_hal.o
 .debug_info    0x0000000000008e63      0xe28 Drivers/STM32F4xx_HAL_Driver/Src/stm32f4xx_hal_cortex.o
 .debug_info    0x0000000000009c8b      0x7b5 Drivers/STM32F4xx_HAL_Driver/Src/stm32f4xx_hal_gpio.o
 .debug_info    0x000000000000a440      0x904 Drivers/STM32F4xx_HAL_Driver/Src/stm32f4xx_hal_rcc.o
 .debug_info    0x000000000000ad44      0x5ae Drivers/STM32F4xx_HAL_Driver/Src/stm32f4xx_hal_rcc_ex.o
 .debug_info    0x000000000000b2f2      0xbbb Drivers/STM32F4xx_HAL_Driver/Src/stm32f4xx_hal_rtc.o
 .debug_info    0x000000000000bead     0x124c Drivers/STM32F4xx_HAL_Driver/Src/stm32f4xx_hal_uart.o
 .debug_info    0x000000000000d0f9      0x91b Drivers/STM32F4xx_HAL_Driver/Src/stm32f4xx_ll_gpio.o
 .debug_info    0x000000000000da14      0x7ff Drivers/STM32F4xx_HAL_Driver/Src/stm32f4xx_ll_rcc.o
 .debug_info    0x000000000000e213      0x7aa Drivers/STM32F4xx_HAL_Driver/Src/stm32f4xx_ll_usart.o

.debug_abbrev   0x0000000000000000     0x278d
 .debug_abbrev  0x0000000000000000      0x280 App/Src/app_main.o
 .debug_abbrev  0x0000000000000280      0x162 App/Src/syscalls.o
 .debug_abbrev  0x00000000000003e2      0x255 App/Src/ubx_packet_parser.o
 .debug_abbrev  0x0000000000000637      0x258 App/Src/ubx_stream_parser.o
 .debug_abbrev  0x000000000000088f      0x28f Core/Src/main.o
 .debug_abbrev  0x0000000000000b1e      0x1a6 Core/Src/stm32f4xx_hal_msp.o
 .debug_abbrev  0x0000000000000cc4      0x181 Core/Src/stm32f4xx_it.o
 .debug_abbrev  0x0000000000000e45      0x261 Core/Src/syscalls.o
 .debug_abbrev  0x00000000000010a6      0x1bb Core/Src/sysmem.o
 .debug_abbrev  0x0000000000001261      0x12b Core/Src/system_stm32f4xx.o
 .debug_abbrev  0x000000000000138c       0x12 Core/Startup/startup_stm32f407vetx.o
 .debug_abbrev  0x000000000000139e      0x1c7 Drivers/STM32F4xx_HAL_Driver/Src/stm32f4xx_hal.o
 .debug_abbrev  0x0000000000001565      0x2fa Drivers/STM32F4xx_HAL_Driver/Src/stm32f4xx_hal_cortex.o
 .debug_abbrev  0x000000000000185f      0x1c9 Drivers/STM32F4xx_HAL_Driver/Src/stm32f4xx_hal_gpio.o
 .debug_abbrev  0x0000000000001a28      0x245 Drivers/STM32F4xx_HAL_Driver/Src/stm32f4xx_hal_rcc.o
 .debug_abbrev  0x0000000000001c6d      0x173 Drivers/STM32F4xx_HAL_Driver/Src/stm32f4xx_hal_rcc_ex.o
 .debug_abbrev  0x0000000000001de0      0x1be Drivers/STM32F4xx_HAL_Driver/Src/stm32f4xx_hal_rtc.o
 .debug_abbrev  0x0000000000001f9e      0x242 Drivers/STM32F4xx_HAL_Driver/Src/stm32f4xx_hal_uart.o
 .debug_abbrev  0x00000000000021e0      0x212 Drivers/STM32F4xx_HAL_Driver/Src/stm32f4xx_ll_gpio.o
 .debug_abbrev  0x00000000000023f2      0x1d2 Drivers/STM32F4xx_HAL_Driver/Src/stm32f4xx_ll_rcc.o
 .debug_abbrev  0x00000000000025c4      0x1c9 Drivers/STM32F4xx_HAL_Driver/Src/stm32f4xx_ll_usart.o

.debug_aranges  0x0000000000000000      0xbb0
 .debug_aranges
                0x0000000000000000       0x78 App/Src/app_main.o
 .debug_aranges
                0x0000000000000078       0x20 App/Src/syscalls.o
 .debug_aranges
                0x0000000000000098       0x60 App/Src/ubx_packet_parser.o
 .debug_aranges
                0x00000000000000f8       0x50 App/Src/ubx_stream_parser.o
 .debug_aranges
                0x0000000000000148       0xe0 Core/Src/main.o
 .debug_aranges
                0x0000000000000228       0x40 Core/Src/stm32f4xx_hal_msp.o
 .debug_aranges
                0x0000000000000268       0x68 Core/Src/stm32f4xx_it.o
 .debug_aranges
                0x00000000000002d0       0xa8 Core/Src/syscalls.o
 .debug_aranges
                0x0000000000000378       0x20 Core/Src/sysmem.o
 .debug_aranges
                0x0000000000000398       0x28 Core/Src/system_stm32f4xx.o
 .debug_aranges
                0x00000000000003c0       0x28 Core/Startup/startup_stm32f407vetx.o
 .debug_aranges
                0x00000000000003e8       0xf0 Drivers/STM32F4xx_HAL_Driver/Src/stm32f4xx_hal.o
 .debug_aranges
                0x00000000000004d8      0x118 Drivers/STM32F4xx_HAL_Driver/Src/stm32f4xx_hal_cortex.o
 .debug_aranges
                0x00000000000005f0       0x58 Drivers/STM32F4xx_HAL_Driver/Src/stm32f4xx_hal_gpio.o
 .debug_aranges
                0x0000000000000648       0x88 Drivers/STM32F4xx_HAL_Driver/Src/stm32f4xx_hal_rcc.o
 .debug_aranges
                0x00000000000006d0       0x48 Drivers/STM32F4xx_HAL_Driver/Src/stm32f4xx_hal_rcc_ex.o
 .debug_aranges
                0x0000000000000718       0xb8 Drivers/STM32F4xx_HAL_Driver/Src/stm32f4xx_hal_rtc.o
 .debug_aranges
                0x00000000000007d0      0x1d0 Drivers/STM32F4xx_HAL_Driver/Src/stm32f4xx_hal_uart.o
 .debug_aranges
                0x00000000000009a0       0x70 Drivers/STM32F4xx_HAL_Driver/Src/stm32f4xx_ll_gpio.o
 .debug_aranges
                0x0000000000000a10      0x118 Drivers/STM32F4xx_HAL_Driver/Src/stm32f4xx_ll_rcc.o
 .debug_aranges
                0x0000000000000b28       0x88 Drivers/STM32F4xx_HAL_Driver/Src/stm32f4xx_ll_usart.o

.debug_ranges   0x0000000000000000      0xa68
 .debug_ranges  0x0000000000000000       0x68 App/Src/app_main.o
 .debug_ranges  0x0000000000000068       0x10 App/Src/syscalls.o
 .debug_ranges  0x0000000000000078       0x50 App/Src/ubx_packet_parser.o
 .debug_ranges  0x00000000000000c8       0x40 App/Src/ubx_stream_parser.o
 .debug_ranges  0x0000000000000108       0xd0 Core/Src/main.o
 .debug_ranges  0x00000000000001d8       0x30 Core/Src/stm32f4xx_hal_msp.o
 .debug_ranges  0x0000000000000208       0x58 Core/Src/stm32f4xx_it.o
 .debug_ranges  0x0000000000000260       0x98 Core/Src/syscalls.o
 .debug_ranges  0x00000000000002f8       0x10 Core/Src/sysmem.o
 .debug_ranges  0x0000000000000308       0x18 Core/Src/system_stm32f4xx.o
 .debug_ranges  0x0000000000000320       0x20 Core/Startup/startup_stm32f407vetx.o
 .debug_ranges  0x0000000000000340       0xe0 Drivers/STM32F4xx_HAL_Driver/Src/stm32f4xx_hal.o
 .debug_ranges  0x0000000000000420      0x108 Drivers/STM32F4xx_HAL_Driver/Src/stm32f4xx_hal_cortex.o
 .debug_ranges  0x0000000000000528       0x48 Drivers/STM32F4xx_HAL_Driver/Src/stm32f4xx_hal_gpio.o
 .debug_ranges  0x0000000000000570       0x78 Drivers/STM32F4xx_HAL_Driver/Src/stm32f4xx_hal_rcc.o
 .debug_ranges  0x00000000000005e8       0x38 Drivers/STM32F4xx_HAL_Driver/Src/stm32f4xx_hal_rcc_ex.o
 .debug_ranges  0x0000000000000620       0xa8 Drivers/STM32F4xx_HAL_Driver/Src/stm32f4xx_hal_rtc.o
 .debug_ranges  0x00000000000006c8      0x1c0 Drivers/STM32F4xx_HAL_Driver/Src/stm32f4xx_hal_uart.o
 .debug_ranges  0x0000000000000888       0x60 Drivers/STM32F4xx_HAL_Driver/Src/stm32f4xx_ll_gpio.o
 .debug_ranges  0x00000000000008e8      0x108 Drivers/STM32F4xx_HAL_Driver/Src/stm32f4xx_ll_rcc.o
 .debug_ranges  0x00000000000009f0       0x78 Drivers/STM32F4xx_HAL_Driver/Src/stm32f4xx_ll_usart.o

.debug_macro    0x0000000000000000    0x2465f
 .debug_macro   0x0000000000000000      0x3c5 App/Src/app_main.o
 .debug_macro   0x00000000000003c5      0xa60 App/Src/app_main.o
 .debug_macro   0x0000000000000e25      0x18a App/Src/app_main.o
 .debug_macro   0x0000000000000faf       0x2e App/Src/app_main.o
 .debug_macro   0x0000000000000fdd       0x2f App/Src/app_main.o
 .debug_macro   0x000000000000100c       0x22 App/Src/app_main.o
 .debug_macro   0x000000000000102e       0x8e App/Src/app_main.o
 .debug_macro   0x00000000000010bc       0x51 App/Src/app_main.o
 .debug_macro   0x000000000000110d       0xef App/Src/app_main.o
 .debug_macro   0x00000000000011fc       0x6a App/Src/app_main.o
 .debug_macro   0x0000000000001266      0x1df App/Src/app_main.o
 .debug_macro   0x0000000000001445       0x1c App/Src/app_main.o
 .debug_macro   0x0000000000001461       0x22 App/Src/app_main.o
 .debug_macro   0x0000000000001483       0xdf App/Src/app_main.o
 .debug_macro   0x0000000000001562     0x102d App/Src/app_main.o
 .debug_macro   0x000000000000258f      0x11f App/Src/app_main.o
 .debug_macro   0x00000000000026ae    0x15e3c App/Src/app_main.o
 .debug_macro   0x00000000000184ea       0x43 App/Src/app_main.o
 .debug_macro   0x000000000001852d     0x3659 App/Src/app_main.o
 .debug_macro   0x000000000001bb86      0x174 App/Src/app_main.o
 .debug_macro   0x000000000001bcfa       0x5a App/Src/app_main.o
 .debug_macro   0x000000000001bd54      0x96b App/Src/app_main.o
 .debug_macro   0x000000000001c6bf      0x9fe App/Src/app_main.o
 .debug_macro   0x000000000001d0bd      0x174 App/Src/app_main.o
 .debug_macro   0x000000000001d231      0x117 App/Src/app_main.o
 .debug_macro   0x000000000001d348      0x13e App/Src/app_main.o
 .debug_macro   0x000000000001d486       0x27 App/Src/app_main.o
 .debug_macro   0x000000000001d4ad      0x287 App/Src/app_main.o
 .debug_macro   0x000000000001d734       0x5f App/Src/app_main.o
 .debug_macro   0x000000000001d793      0x236 App/Src/app_main.o
 .debug_macro   0x000000000001d9c9      0x12c App/Src/app_main.o
 .debug_macro   0x000000000001daf5      0x21e App/Src/app_main.o
 .debug_macro   0x000000000001dd13       0x2e App/Src/app_main.o
 .debug_macro   0x000000000001dd41      0x11a App/Src/app_main.o
 .debug_macro   0x000000000001de5b       0x7e App/Src/app_main.o
 .debug_macro   0x000000000001ded9       0x89 App/Src/app_main.o
 .debug_macro   0x000000000001df62      0x31a App/Src/app_main.o
 .debug_macro   0x000000000001e27c      0x405 App/Src/app_main.o
 .debug_macro   0x000000000001e681       0xe4 App/Src/app_main.o
 .debug_macro   0x000000000001e765      0x287 App/Src/app_main.o
 .debug_macro   0x000000000001e9ec      0x12d App/Src/app_main.o
 .debug_macro   0x000000000001eb19      0x1bb App/Src/app_main.o
 .debug_macro   0x000000000001ecd4      0x781 App/Src/app_main.o
 .debug_macro   0x000000000001f455      0x1d5 App/Src/app_main.o
 .debug_macro   0x000000000001f62a      0x1a8 App/Src/app_main.o
 .debug_macro   0x000000000001f7d2      0x20a App/Src/app_main.o
 .debug_macro   0x000000000001f9dc       0x61 App/Src/app_main.o
 .debug_macro   0x000000000001fa3d       0xab App/Src/app_main.o
 .debug_macro   0x000000000001fae8      0x149 App/Src/app_main.o
 .debug_macro   0x000000000001fc31      0x1e6 App/Src/app_main.o
 .debug_macro   0x000000000001fe17       0xe8 App/Src/app_main.o
 .debug_macro   0x000000000001feff       0x46 App/Src/app_main.o
 .debug_macro   0x000000000001ff45       0x18 App/Src/app_main.o
 .debug_macro   0x000000000001ff5d       0x3c App/Src/app_main.o
 .debug_macro   0x000000000001ff99       0x34 App/Src/app_main.o
 .debug_macro   0x000000000001ffcd       0x16 App/Src/app_main.o
 .debug_macro   0x000000000001ffe3       0x35 App/Src/app_main.o
 .debug_macro   0x0000000000020018      0x32a App/Src/app_main.o
 .debug_macro   0x0000000000020342       0x10 App/Src/app_main.o
 .debug_macro   0x0000000000020352       0x52 App/Src/app_main.o
 .debug_macro   0x00000000000203a4       0x1f App/Src/app_main.o
 .debug_macro   0x00000000000203c3       0x43 App/Src/app_main.o
 .debug_macro   0x0000000000020406       0x20 App/Src/app_main.o
 .debug_macro   0x0000000000020426      0x1a3 App/Src/app_main.o
 .debug_macro   0x00000000000205c9       0x10 App/Src/app_main.o
 .debug_macro   0x00000000000205d9       0x1c App/Src/app_main.o
 .debug_macro   0x00000000000205f5       0x52 App/Src/app_main.o
 .debug_macro   0x0000000000020647       0x40 App/Src/app_main.o
 .debug_macro   0x0000000000020687       0x10 App/Src/app_main.o
 .debug_macro   0x0000000000020697       0x40 App/Src/app_main.o
 .debug_macro   0x00000000000206d7       0xd7 App/Src/app_main.o
 .debug_macro   0x00000000000207ae       0x1c App/Src/app_main.o
 .debug_macro   0x00000000000207ca       0x3d App/Src/app_main.o
 .debug_macro   0x0000000000020807       0x16 App/Src/app_main.o
 .debug_macro   0x000000000002081d      0x145 App/Src/app_main.o
 .debug_macro   0x0000000000020962       0x1c App/Src/app_main.o
 .debug_macro   0x000000000002097e       0x1c App/Src/app_main.o
 .debug_macro   0x000000000002099a      0x237 App/Src/syscalls.o
 .debug_macro   0x0000000000020bd1      0x103 App/Src/ubx_packet_parser.o
 .debug_macro   0x0000000000020cd4       0x16 App/Src/ubx_packet_parser.o
 .debug_macro   0x0000000000020cea       0x10 App/Src/ubx_packet_parser.o
 .debug_macro   0x0000000000020cfa      0x23b App/Src/ubx_packet_parser.o
 .debug_macro   0x0000000000020f35      0x15b App/Src/ubx_stream_parser.o
 .debug_macro   0x0000000000021090      0x330 App/Src/ubx_stream_parser.o
 .debug_macro   0x00000000000213c0       0x10 App/Src/ubx_stream_parser.o
 .debug_macro   0x00000000000213d0       0x20 App/Src/ubx_stream_parser.o
 .debug_macro   0x00000000000213f0      0x241 App/Src/ubx_stream_parser.o
 .debug_macro   0x0000000000021631      0x241 Core/Src/main.o
 .debug_macro   0x0000000000021872      0x237 Core/Src/stm32f4xx_hal_msp.o
 .debug_macro   0x0000000000021aa9      0x241 Core/Src/stm32f4xx_it.o
 .debug_macro   0x0000000000021cea      0x243 Core/Src/syscalls.o
 .debug_macro   0x0000000000021f2d       0x40 Core/Src/syscalls.o
 .debug_macro   0x0000000000021f6d       0x94 Core/Src/syscalls.o
 .debug_macro   0x0000000000022001       0x57 Core/Src/syscalls.o
 .debug_macro   0x0000000000022058       0x10 Core/Src/syscalls.o
 .debug_macro   0x0000000000022068       0x10 Core/Src/syscalls.o
 .debug_macro   0x0000000000022078       0x10 Core/Src/syscalls.o
 .debug_macro   0x0000000000022088       0x35 Core/Src/syscalls.o
 .debug_macro   0x00000000000220bd      0x122 Core/Src/syscalls.o
 .debug_macro   0x00000000000221df       0x16 Core/Src/syscalls.o
 .debug_macro   0x00000000000221f5       0x16 Core/Src/syscalls.o
 .debug_macro   0x000000000002220b       0x29 Core/Src/syscalls.o
 .debug_macro   0x0000000000022234       0x1c Core/Src/syscalls.o
 .debug_macro   0x0000000000022250       0x10 Core/Src/syscalls.o
 .debug_macro   0x0000000000022260      0x189 Core/Src/syscalls.o
 .debug_macro   0x00000000000223e9       0x16 Core/Src/syscalls.o
 .debug_macro   0x00000000000223ff       0x88 Core/Src/syscalls.o
 .debug_macro   0x0000000000022487      0x1ae Core/Src/sysmem.o
 .debug_macro   0x0000000000022635      0x1d9 Core/Src/system_stm32f4xx.o
 .debug_macro   0x000000000002280e      0x233 Drivers/STM32F4xx_HAL_Driver/Src/stm32f4xx_hal.o
 .debug_macro   0x0000000000022a41      0x1d3 Drivers/STM32F4xx_HAL_Driver/Src/stm32f4xx_hal_cortex.o
 .debug_macro   0x0000000000022c14      0x209 Drivers/STM32F4xx_HAL_Driver/Src/stm32f4xx_hal_gpio.o
 .debug_macro   0x0000000000022e1d      0x1f7 Drivers/STM32F4xx_HAL_Driver/Src/stm32f4xx_hal_rcc.o
 .debug_macro   0x0000000000023014      0x1d3 Drivers/STM32F4xx_HAL_Driver/Src/stm32f4xx_hal_rcc_ex.o
 .debug_macro   0x00000000000231e7      0x1d4 Drivers/STM32F4xx_HAL_Driver/Src/stm32f4xx_hal_rtc.o
 .debug_macro   0x00000000000233bb      0x1d4 Drivers/STM32F4xx_HAL_Driver/Src/stm32f4xx_hal_uart.o
 .debug_macro   0x000000000002358f      0x215 Drivers/STM32F4xx_HAL_Driver/Src/stm32f4xx_ll_gpio.o
 .debug_macro   0x00000000000237a4      0x143 Drivers/STM32F4xx_HAL_Driver/Src/stm32f4xx_ll_gpio.o
 .debug_macro   0x00000000000238e7      0x200 Drivers/STM32F4xx_HAL_Driver/Src/stm32f4xx_ll_rcc.o
 .debug_macro   0x0000000000023ae7      0x77b Drivers/STM32F4xx_HAL_Driver/Src/stm32f4xx_ll_rcc.o
 .debug_macro   0x0000000000024262      0x248 Drivers/STM32F4xx_HAL_Driver/Src/stm32f4xx_ll_usart.o
 .debug_macro   0x00000000000244aa      0x1b5 Drivers/STM32F4xx_HAL_Driver/Src/stm32f4xx_ll_usart.o

.debug_line     0x0000000000000000     0xa7da
 .debug_line    0x0000000000000000      0xa6a App/Src/app_main.o
 .debug_line    0x0000000000000a6a      0x756 App/Src/syscalls.o
 .debug_line    0x00000000000011c0      0x534 App/Src/ubx_packet_parser.o
 .debug_line    0x00000000000016f4      0x5cb App/Src/ubx_stream_parser.o
 .debug_line    0x0000000000001cbf      0x9e8 Core/Src/main.o
 .debug_line    0x00000000000026a7      0x7b6 Core/Src/stm32f4xx_hal_msp.o
 .debug_line    0x0000000000002e5d      0x817 Core/Src/stm32f4xx_it.o
 .debug_line    0x0000000000003674      0x6e4 Core/Src/syscalls.o
 .debug_line    0x0000000000003d58      0x504 Core/Src/sysmem.o
 .debug_line    0x000000000000425c      0x694 Core/Src/system_stm32f4xx.o
 .debug_line    0x00000000000048f0       0x85 Core/Startup/startup_stm32f407vetx.o
 .debug_line    0x0000000000004975      0x87e Drivers/STM32F4xx_HAL_Driver/Src/stm32f4xx_hal.o
 .debug_line    0x00000000000051f3      0x9a2 Drivers/STM32F4xx_HAL_Driver/Src/stm32f4xx_hal_cortex.o
 .debug_line    0x0000000000005b95      0x85d Drivers/STM32F4xx_HAL_Driver/Src/stm32f4xx_hal_gpio.o
 .debug_line    0x00000000000063f2      0x8d6 Drivers/STM32F4xx_HAL_Driver/Src/stm32f4xx_hal_rcc.o
 .debug_line    0x0000000000006cc8      0x79f Drivers/STM32F4xx_HAL_Driver/Src/stm32f4xx_hal_rcc_ex.o
 .debug_line    0x0000000000007467      0xa0e Drivers/STM32F4xx_HAL_Driver/Src/stm32f4xx_hal_rtc.o
 .debug_line    0x0000000000007e75      0xf8c Drivers/STM32F4xx_HAL_Driver/Src/stm32f4xx_hal_uart.o
 .debug_line    0x0000000000008e01      0x866 Drivers/STM32F4xx_HAL_Driver/Src/stm32f4xx_ll_gpio.o
 .debug_line    0x0000000000009667      0x959 Drivers/STM32F4xx_HAL_Driver/Src/stm32f4xx_ll_rcc.o
 .debug_line    0x0000000000009fc0      0x81a Drivers/STM32F4xx_HAL_Driver/Src/stm32f4xx_ll_usart.o

.debug_str      0x0000000000000000    0xd3bbe