Archive member included to satisfy reference by file (symbol)

/usr/lib/gcc/arm-none-eabi/9.2.0/thumb/v7-m/nofp/libgcc.a(unwind-arm.o)
                              ./system/src/newlib/_cxx.o (__aeabi_unwind_cpp_pr1)
/usr/lib/gcc/arm-none-eabi/9.2.0/thumb/v7-m/nofp/libgcc.a(libunwind.o)
                              /usr/lib/gcc/arm-none-eabi/9.2.0/thumb/v7-m/nofp/libgcc.a(unwind-arm.o) (restore_core_regs)
/usr/lib/gcc/arm-none-eabi/9.2.0/thumb/v7-m/nofp/libgcc.a(pr-support.o)
                              /usr/lib/gcc/arm-none-eabi/9.2.0/thumb/v7-m/nofp/libgcc.a(unwind-arm.o) (__gnu_unwind_execute)
/usr/lib/gcc/arm-none-eabi/9.2.0/../../../../arm-none-eabi/lib/thumb/v7-m/nofp/libg_nano.a(lib_a-errno.o)
                              ./system/src/newlib/_sbrk.o (__errno)
/usr/lib/gcc/arm-none-eabi/9.2.0/../../../../arm-none-eabi/lib/thumb/v7-m/nofp/libg_nano.a(lib_a-impure.o)
                              /usr/lib/gcc/arm-none-eabi/9.2.0/../../../../arm-none-eabi/lib/thumb/v7-m/nofp/libg_nano.a(lib_a-errno.o) (_impure_ptr)
/usr/lib/gcc/arm-none-eabi/9.2.0/../../../../arm-none-eabi/lib/thumb/v7-m/nofp/libg_nano.a(lib_a-init.o)
                              ./system/src/cmsis/startup_stm32f103xb.o (__libc_init_array)
/usr/lib/gcc/arm-none-eabi/9.2.0/../../../../arm-none-eabi/lib/thumb/v7-m/nofp/libg_nano.a(lib_a-memcpy-stub.o)
                              /usr/lib/gcc/arm-none-eabi/9.2.0/thumb/v7-m/nofp/libgcc.a(unwind-arm.o) (memcpy)
/usr/lib/gcc/arm-none-eabi/9.2.0/../../../../arm-none-eabi/lib/thumb/v7-m/nofp/libg_nano.a(lib_a-memset.o)
                              ./src/main.o (memset)
/usr/lib/gcc/arm-none-eabi/9.2.0/../../../../arm-none-eabi/lib/thumb/v7-m/nofp/libg_nano.a(lib_a-strlen.o)
                              ./system/src/diag/Trace.o (strlen)
/usr/lib/gcc/arm-none-eabi/9.2.0/../../../../arm-none-eabi/lib/thumb/v7-m/nofp/libg_nano.a(lib_a-vsnprintf.o)
                              ./system/src/diag/Trace.o (vsnprintf)
/usr/lib/gcc/arm-none-eabi/9.2.0/../../../../arm-none-eabi/lib/thumb/v7-m/nofp/libg_nano.a(lib_a-nano-svfprintf.o)
                              /usr/lib/gcc/arm-none-eabi/9.2.0/../../../../arm-none-eabi/lib/thumb/v7-m/nofp/libg_nano.a(lib_a-vsnprintf.o) (_svfprintf_r)
/usr/lib/gcc/arm-none-eabi/9.2.0/../../../../arm-none-eabi/lib/thumb/v7-m/nofp/libg_nano.a(lib_a-nano-vfprintf_i.o)
                              /usr/lib/gcc/arm-none-eabi/9.2.0/../../../../arm-none-eabi/lib/thumb/v7-m/nofp/libg_nano.a(lib_a-nano-svfprintf.o) (_printf_i)
/usr/lib/gcc/arm-none-eabi/9.2.0/../../../../arm-none-eabi/lib/thumb/v7-m/nofp/libg_nano.a(lib_a-memchr-stub.o)
                              /usr/lib/gcc/arm-none-eabi/9.2.0/../../../../arm-none-eabi/lib/thumb/v7-m/nofp/libg_nano.a(lib_a-nano-svfprintf.o) (memchr)
/usr/lib/gcc/arm-none-eabi/9.2.0/../../../../arm-none-eabi/lib/thumb/v7-m/nofp/libg_nano.a(lib_a-memmove.o)
                              /usr/lib/gcc/arm-none-eabi/9.2.0/../../../../arm-none-eabi/lib/thumb/v7-m/nofp/libg_nano.a(lib_a-nano-svfprintf.o) (memmove)
/usr/lib/gcc/arm-none-eabi/9.2.0/../../../../arm-none-eabi/lib/thumb/v7-m/nofp/libg_nano.a(lib_a-nano-freer.o)
                              /usr/lib/gcc/arm-none-eabi/9.2.0/../../../../arm-none-eabi/lib/thumb/v7-m/nofp/libg_nano.a(lib_a-nano-svfprintf.o) (_free_r)
/usr/lib/gcc/arm-none-eabi/9.2.0/../../../../arm-none-eabi/lib/thumb/v7-m/nofp/libg_nano.a(lib_a-nano-mallocr.o)
                              /usr/lib/gcc/arm-none-eabi/9.2.0/../../../../arm-none-eabi/lib/thumb/v7-m/nofp/libg_nano.a(lib_a-nano-svfprintf.o) (_malloc_r)
/usr/lib/gcc/arm-none-eabi/9.2.0/../../../../arm-none-eabi/lib/thumb/v7-m/nofp/libg_nano.a(lib_a-nano-reallocr.o)
                              /usr/lib/gcc/arm-none-eabi/9.2.0/../../../../arm-none-eabi/lib/thumb/v7-m/nofp/libg_nano.a(lib_a-nano-svfprintf.o) (_realloc_r)
/usr/lib/gcc/arm-none-eabi/9.2.0/../../../../arm-none-eabi/lib/thumb/v7-m/nofp/libg_nano.a(lib_a-sbrkr.o)
                              /usr/lib/gcc/arm-none-eabi/9.2.0/../../../../arm-none-eabi/lib/thumb/v7-m/nofp/libg_nano.a(lib_a-nano-mallocr.o) (_sbrk_r)
/usr/lib/gcc/arm-none-eabi/9.2.0/../../../../arm-none-eabi/lib/thumb/v7-m/nofp/libg_nano.a(lib_a-mlock.o)
                              /usr/lib/gcc/arm-none-eabi/9.2.0/../../../../arm-none-eabi/lib/thumb/v7-m/nofp/libg_nano.a(lib_a-nano-freer.o) (__malloc_lock)
/usr/lib/gcc/arm-none-eabi/9.2.0/../../../../arm-none-eabi/lib/thumb/v7-m/nofp/libg_nano.a(lib_a-nano-msizer.o)
                              /usr/lib/gcc/arm-none-eabi/9.2.0/../../../../arm-none-eabi/lib/thumb/v7-m/nofp/libg_nano.a(lib_a-nano-reallocr.o) (_malloc_usable_size_r)
/usr/lib/gcc/arm-none-eabi/9.2.0/../../../../arm-none-eabi/lib/thumb/v7-m/nofp/libg_nano.a(lib_a-lock.o)
                              /usr/lib/gcc/arm-none-eabi/9.2.0/../../../../arm-none-eabi/lib/thumb/v7-m/nofp/libg_nano.a(lib_a-mlock.o) (__retarget_lock_acquire_recursive)

Allocating common symbols
Common symbol       size              file

[...]
Memory Configuration

Name             Origin             Length             Attributes
RAM              0x0000000020000000 0x0000000000005000 xrw
CCMRAM           0x0000000000000000 0x0000000000000000 xrw
FLASH            0x0000000008000000 0x0000000000010000 xr
FLASHB1          0x0000000000000000 0x0000000000000000 xr
EXTMEMB0         0x0000000000000000 0x0000000000000000 xr
EXTMEMB1         0x0000000000000000 0x0000000000000000 xr
EXTMEMB2         0x0000000000000000 0x0000000000000000 xr
EXTMEMB3         0x0000000000000000 0x0000000000000000 xr
MEMORY_ARRAY     0x0000000000000000 0x0000000000000000 xrw
*default*        0x0000000000000000 0xffffffffffffffff

Linker script and memory map

LOAD ./system/src/stm32f1xx/stm32f1xx_hal.o
LOAD ./system/src/stm32f1xx/stm32f1xx_hal_cortex.o
LOAD ./system/src/stm32f1xx/stm32f1xx_hal_dma.o
LOAD ./system/src/stm32f1xx/stm32f1xx_hal_flash.o
LOAD ./system/src/stm32f1xx/stm32f1xx_hal_flash_ex.o
LOAD ./system/src/stm32f1xx/stm32f1xx_hal_gpio.o
LOAD ./system/src/stm32f1xx/stm32f1xx_hal_gpio_ex.o
LOAD ./system/src/stm32f1xx/stm32f1xx_hal_pwr.o
LOAD ./system/src/stm32f1xx/stm32f1xx_hal_rcc.o
LOAD ./system/src/stm32f1xx/stm32f1xx_hal_rcc_ex.o
LOAD ./system/src/stm32f1xx/stm32f1xx_hal_tim.o
LOAD ./system/src/stm32f1xx/stm32f1xx_hal_tim_ex.o
LOAD ./system/src/newlib/_cxx.o
LOAD ./system/src/newlib/_exit.o
LOAD ./system/src/newlib/_sbrk.o
LOAD ./system/src/newlib/_startup.o
LOAD ./system/src/newlib/_syscalls.o
LOAD ./system/src/newlib/assert.o
LOAD ./system/src/diag/Trace.o
LOAD ./system/src/diag/trace_impl.o
LOAD ./system/src/cortexm/_initialize_hardware.o
LOAD ./system/src/cortexm/_reset_hardware.o
LOAD ./system/src/cortexm/exception_handlers.o
LOAD ./system/src/cmsis/startup_stm32f103xb.o
LOAD ./system/src/cmsis/system_stm32f1xx.o
LOAD ./src/main.o
LOAD ./src/stm32f1xx_hal_msp.o
LOAD ./src/stm32f1xx_it.o
LOAD /usr/lib/gcc/arm-none-eabi/9.2.0/../../../../arm-none-eabi/lib/thumb/v7-m/nofp/libstdc++_nano.a
LOAD /usr/lib/gcc/arm-none-eabi/9.2.0/../../../../arm-none-eabi/lib/thumb/v7-m/nofp/libm.a
START GROUP
LOAD /usr/lib/gcc/arm-none-eabi/9.2.0/thumb/v7-m/nofp/libgcc.a
LOAD /usr/lib/gcc/arm-none-eabi/9.2.0/../../../../arm-none-eabi/lib/thumb/v7-m/nofp/libg_nano.a
LOAD /usr/lib/gcc/arm-none-eabi/9.2.0/../../../../arm-none-eabi/lib/thumb/v7-m/nofp/libc_nano.a
END GROUP
START GROUP
LOAD /usr/lib/gcc/arm-none-eabi/9.2.0/thumb/v7-m/nofp/libgcc.a
LOAD /usr/lib/gcc/arm-none-eabi/9.2.0/../../../../arm-none-eabi/lib/thumb/v7-m/nofp/libc_nano.a
END GROUP
                0x0000000020005000                __stack = (ORIGIN (RAM) + LENGTH (RAM))
                0x0000000020005000                _estack = __stack
                0x0000000000000400                __Main_Stack_Size = 0x400
                [!provide]                        PROVIDE (_Main_Stack_Size = __Main_Stack_Size)
                0x0000000020004c00                __Main_Stack_Limit = (__stack - __Main_Stack_Size)
                [!provide]                        PROVIDE (_Main_Stack_Limit = __Main_Stack_Limit)
                0x0000000000000100                _Minimum_Stack_Size = 0x100
                0x000000002000012c                PROVIDE (_Heap_Begin = _end_noinit)
                0x0000000020004c00                PROVIDE (_Heap_Limit = (__stack - __Main_Stack_Size))

.isr_vector     0x0000000008000000      0x34c
 FILL mask 0xff
                0x0000000008000000                __vectors_start = ABSOLUTE (.)
                0x0000000008000000                __vectors_start__ = ABSOLUTE (.)
 *(.isr_vector)
 .isr_vector    0x0000000008000000      0x10c ./system/src/cmsis/startup_stm32f103xb.o
                0x0000000008000000                g_pfnVectors
 *(.cfmconfig)
 *(.after_vectors .after_vectors.*)
 .after_vectors
                0x000000000800010c      0x114 ./system/src/newlib/_startup.o
                0x000000000800010c                _start
 .after_vectors
                0x0000000008000220      0x12c ./system/src/cortexm/exception_handlers.o
                0x0000000008000220                Reset_Handler
                0x000000000800023e                HardFault_Handler_C
                0x00000000080002b4                BusFault_Handler_C
                0x00000000080002fc                UsageFault_Handler_C

.inits          0x000000000800034c       0x28
                0x000000000800034c                __data_regions_array_start = .
                0x000000000800034c        0x4 LONG 0x800125c LOADADDR (.data)
                0x0000000008000350        0x4 LONG 0x20000000 ADDR (.data)
                0x0000000008000354        0x4 LONG 0x20000080 (ADDR (.data) + SIZEOF (.data))
                0x0000000008000358        0x4 LONG 0x800125c LOADADDR (.data_CCMRAM)
                0x000000000800035c        0x4 LONG 0x0 ADDR (.data_CCMRAM)
                0x0000000008000360        0x4 LONG 0x0 (ADDR (.data_CCMRAM) + SIZEOF (.data_CCMRAM))
                0x0000000008000364                __data_regions_array_end = .
                0x0000000008000364                __bss_regions_array_start = .
                0x0000000008000364        0x4 LONG 0x20000080 ADDR (.bss)
                0x0000000008000368        0x4 LONG 0x2000012c (ADDR (.bss) + SIZEOF (.bss))
                0x000000000800036c        0x4 LONG 0x0 ADDR (.bss_CCMRAM)
                0x0000000008000370        0x4 LONG 0x0 (ADDR (.bss_CCMRAM) + SIZEOF (.bss_CCMRAM))
                0x0000000008000374                __bss_regions_array_end = .
 *(.init)
 *(.fini)
                0x0000000008000374                . = ALIGN (0x4)
                0x0000000008000374                PROVIDE (__preinit_array_start = .)
 *(.preinit_array_sysinit .preinit_array_sysinit.*)
 *(.preinit_array_platform .preinit_array_platform.*)
 *(.preinit_array .preinit_array.*)
                0x0000000008000374                PROVIDE (__preinit_array_end = .)
                0x0000000008000374                . = ALIGN (0x4)
                0x0000000008000374                PROVIDE (__init_array_start = .)
 *(SORT_BY_NAME(.init_array.*))
 *(.init_array)
                0x0000000008000374                PROVIDE (__init_array_end = .)
                0x0000000008000374                . = ALIGN (0x4)
                0x0000000008000374                PROVIDE (__fini_array_start = .)
 *(SORT_BY_NAME(.fini_array.*))
 *(.fini_array)
                0x0000000008000374                PROVIDE (__fini_array_end = .)

.flashtext
 *(.flashtext .flashtext.*)

.text           0x0000000008000374      0xee8
 *(.text .text.*)
 .text.HAL_InitTick
                0x0000000008000374       0x4c ./system/src/stm32f1xx/stm32f1xx_hal.o
                0x0000000008000374                HAL_InitTick
 .text.HAL_Init
                0x00000000080003c0       0x16 ./system/src/stm32f1xx/stm32f1xx_hal.o
                0x00000000080003c0                HAL_Init
 *fill*         0x00000000080003d6        0x2 
 .text.HAL_IncTick
                0x00000000080003d8       0x18 ./system/src/stm32f1xx/stm32f1xx_hal.o
                0x00000000080003d8                HAL_IncTick
 .text.HAL_NVIC_SetPriorityGrouping
                0x00000000080003f0       0x24 ./system/src/stm32f1xx/stm32f1xx_hal_cortex.o
                0x00000000080003f0                HAL_NVIC_SetPriorityGrouping
 .text.HAL_NVIC_SetPriority
                0x0000000008000414       0x68 ./system/src/stm32f1xx/stm32f1xx_hal_cortex.o
                0x0000000008000414                HAL_NVIC_SetPriority
 .text.HAL_SYSTICK_Config
                0x000000000800047c       0x2c ./system/src/stm32f1xx/stm32f1xx_hal_cortex.o
                0x000000000800047c                HAL_SYSTICK_Config
 .text._exit    0x00000000080004a8        0x2 ./system/src/newlib/_exit.o
                0x00000000080004a8                _exit
 *fill*         0x00000000080004aa        0x2 
 .text._sbrk    0x00000000080004ac       0x44 ./system/src/newlib/_sbrk.o
                0x00000000080004ac                _sbrk
 .text.__initialize_args
                0x00000000080004f0       0x10 ./system/src/newlib/_syscalls.o
                0x00000000080004f0                __initialize_args
 .text.trace_printf
                0x0000000008000500       0x34 ./system/src/diag/Trace.o
                0x0000000008000500                trace_printf
 .text._trace_write_semihosting_debug
                0x0000000008000534       0x60 ./system/src/diag/trace_impl.o
 .text.trace_write
                0x0000000008000594        0x8 ./system/src/diag/trace_impl.o
                0x0000000008000594                trace_write
 .text.__initialize_hardware_early
                0x000000000800059c       0x18 ./system/src/cortexm/_initialize_hardware.o
                0x000000000800059c                __initialize_hardware_early
 .text.__initialize_hardware
                0x00000000080005b4        0x8 ./system/src/cortexm/_initialize_hardware.o
                0x00000000080005b4                __initialize_hardware
 .text.dumpExceptionStack
                0x00000000080005bc       0xf4 ./system/src/cortexm/exception_handlers.o
                0x00000000080005bc                dumpExceptionStack
 .text.isSemihosting
                0x00000000080006b0       0x20 ./system/src/cortexm/exception_handlers.o
                0x00000000080006b0                isSemihosting
 .text.Default_Handler
                0x00000000080006d0        0x2 ./system/src/cmsis/startup_stm32f103xb.o
                0x00000000080006d0                RTC_Alarm_IRQHandler
                0x00000000080006d0                EXTI2_IRQHandler
                0x00000000080006d0                TIM1_CC_IRQHandler
                0x00000000080006d0                PVD_IRQHandler
                0x00000000080006d0                EXTI3_IRQHandler
                0x00000000080006d0                EXTI0_IRQHandler
                0x00000000080006d0                I2C2_EV_IRQHandler
                0x00000000080006d0                ADC1_2_IRQHandler
                0x00000000080006d0                SPI1_IRQHandler
                0x00000000080006d0                TAMPER_IRQHandler
                0x00000000080006d0                DMA1_Channel4_IRQHandler
                0x00000000080006d0                USART3_IRQHandler
                0x00000000080006d0                RTC_IRQHandler
                0x00000000080006d0                DMA1_Channel7_IRQHandler
                0x00000000080006d0                CAN1_RX1_IRQHandler
                0x00000000080006d0                TIM4_IRQHandler
                0x00000000080006d0                I2C1_EV_IRQHandler
                0x00000000080006d0                DMA1_Channel6_IRQHandler
                0x00000000080006d0                TIM3_IRQHandler
                0x00000000080006d0                RCC_IRQHandler
                0x00000000080006d0                TIM1_TRG_COM_IRQHandler
                0x00000000080006d0                DMA1_Channel1_IRQHandler
                0x00000000080006d0                Default_Handler
                0x00000000080006d0                EXTI15_10_IRQHandler
                0x00000000080006d0                EXTI9_5_IRQHandler
                0x00000000080006d0                SPI2_IRQHandler
                0x00000000080006d0                DMA1_Channel5_IRQHandler
                0x00000000080006d0                EXTI4_IRQHandler
                0x00000000080006d0                USB_LP_CAN1_RX0_IRQHandler
                0x00000000080006d0                USB_HP_CAN1_TX_IRQHandler
                0x00000000080006d0                DMA1_Channel3_IRQHandler
                0x00000000080006d0                TIM1_UP_IRQHandler
                0x00000000080006d0                WWDG_IRQHandler
                0x00000000080006d0                TIM2_IRQHandler
                0x00000000080006d0                TIM1_BRK_IRQHandler
                0x00000000080006d0                EXTI1_IRQHandler
                0x00000000080006d0                USART2_IRQHandler
                0x00000000080006d0                I2C2_ER_IRQHandler
                0x00000000080006d0                DMA1_Channel2_IRQHandler
                0x00000000080006d0                CAN1_SCE_IRQHandler
                0x00000000080006d0                FLASH_IRQHandler
                0x00000000080006d0                USART1_IRQHandler
                0x00000000080006d0                I2C1_ER_IRQHandler
                0x00000000080006d0                USBWakeUp_IRQHandler
 *fill*         0x00000000080006d2        0x2 
 .text.SystemInit
                0x00000000080006d4       0x4c ./system/src/cmsis/system_stm32f1xx.o
                0x00000000080006d4                SystemInit
 .text.SystemCoreClockUpdate
                0x0000000008000720       0x94 ./system/src/cmsis/system_stm32f1xx.o
                0x0000000008000720                SystemCoreClockUpdate
 .text.main     0x00000000080007b4       0x18 ./src/main.o
                0x00000000080007b4                main
 .text.HAL_MspInit
                0x00000000080007cc       0x30 ./src/stm32f1xx_hal_msp.o
                0x00000000080007cc                HAL_MspInit
 .text.NMI_Handler
                0x00000000080007fc        0x2 ./src/stm32f1xx_it.o
                0x00000000080007fc                NMI_Handler
 .text.HardFault_Handler
                0x00000000080007fe        0x2 ./src/stm32f1xx_it.o
                0x00000000080007fe                HardFault_Handler
 .text.MemManage_Handler
                0x0000000008000800        0x2 ./src/stm32f1xx_it.o
                0x0000000008000800                MemManage_Handler
 .text.BusFault_Handler
                0x0000000008000802        0x2 ./src/stm32f1xx_it.o
                0x0000000008000802                BusFault_Handler
 .text.UsageFault_Handler
                0x0000000008000804        0x2 ./src/stm32f1xx_it.o
                0x0000000008000804                UsageFault_Handler
 .text.SVC_Handler
                0x0000000008000806        0x2 ./src/stm32f1xx_it.o
                0x0000000008000806                SVC_Handler
 .text.DebugMon_Handler
                0x0000000008000808        0x2 ./src/stm32f1xx_it.o
                0x0000000008000808                DebugMon_Handler
 .text.PendSV_Handler
                0x000000000800080a        0x2 ./src/stm32f1xx_it.o
                0x000000000800080a                PendSV_Handler
 .text.SysTick_Handler
                0x000000000800080c        0x8 ./src/stm32f1xx_it.o
                0x000000000800080c                SysTick_Handler
 .text.__errno  0x0000000008000814        0xc /usr/lib/gcc/arm-none-eabi/9.2.0/../../../../arm-none-eabi/lib/thumb/v7-m/nofp/libg_nano.a(lib_a-errno.o)
                0x0000000008000814                __errno
 .text.memcpy   0x0000000008000820       0x1c /usr/lib/gcc/arm-none-eabi/9.2.0/../../../../arm-none-eabi/lib/thumb/v7-m/nofp/libg_nano.a(lib_a-memcpy-stub.o)
                0x0000000008000820                memcpy
 .text._vsnprintf_r
                0x000000000800083c       0x58 /usr/lib/gcc/arm-none-eabi/9.2.0/../../../../arm-none-eabi/lib/thumb/v7-m/nofp/libg_nano.a(lib_a-vsnprintf.o)
                0x000000000800083c                _vsnprintf_r
                0x000000000800083c                _vsniprintf_r
 .text.vsnprintf
                0x0000000008000894       0x1c /usr/lib/gcc/arm-none-eabi/9.2.0/../../../../arm-none-eabi/lib/thumb/v7-m/nofp/libg_nano.a(lib_a-vsnprintf.o)
                0x0000000008000894                vsnprintf
                0x0000000008000894                vsniprintf
 .text.__ssputs_r
                0x00000000080008b0       0xb6 /usr/lib/gcc/arm-none-eabi/9.2.0/../../../../arm-none-eabi/lib/thumb/v7-m/nofp/libg_nano.a(lib_a-nano-svfprintf.o)
                0x00000000080008b0                __ssputs_r
 *fill*         0x0000000008000966        0x2 
 .text._svfprintf_r
                0x0000000008000968      0x200 /usr/lib/gcc/arm-none-eabi/9.2.0/../../../../arm-none-eabi/lib/thumb/v7-m/nofp/libg_nano.a(lib_a-nano-svfprintf.o)
                0x0000000008000968                _svfprintf_r
                0x0000000008000968                _svfiprintf_r
 .text._printf_common
                0x0000000008000b68       0xde /usr/lib/gcc/arm-none-eabi/9.2.0/../../../../arm-none-eabi/lib/thumb/v7-m/nofp/libg_nano.a(lib_a-nano-vfprintf_i.o)
                0x0000000008000b68                _printf_common
 *fill*         0x0000000008000c46        0x2 
 .text._printf_i
                0x0000000008000c48      0x24c /usr/lib/gcc/arm-none-eabi/9.2.0/../../../../arm-none-eabi/lib/thumb/v7-m/nofp/libg_nano.a(lib_a-nano-vfprintf_i.o)
                0x0000000008000c48                _printf_i
 .text.memchr   0x0000000008000e94       0x1c /usr/lib/gcc/arm-none-eabi/9.2.0/../../../../arm-none-eabi/lib/thumb/v7-m/nofp/libg_nano.a(lib_a-memchr-stub.o)
                0x0000000008000e94                memchr
 .text.memmove  0x0000000008000eb0       0x34 /usr/lib/gcc/arm-none-eabi/9.2.0/../../../../arm-none-eabi/lib/thumb/v7-m/nofp/libg_nano.a(lib_a-memmove.o)
                0x0000000008000eb0                memmove
 .text._free_r  0x0000000008000ee4       0x98 /usr/lib/gcc/arm-none-eabi/9.2.0/../../../../arm-none-eabi/lib/thumb/v7-m/nofp/libg_nano.a(lib_a-nano-freer.o)
                0x0000000008000ee4                _free_r
 .text._malloc_r
                0x0000000008000f7c       0xb4 /usr/lib/gcc/arm-none-eabi/9.2.0/../../../../arm-none-eabi/lib/thumb/v7-m/nofp/libg_nano.a(lib_a-nano-mallocr.o)
                0x0000000008000f7c                _malloc_r
 .text._realloc_r
                0x0000000008001030       0x4c /usr/lib/gcc/arm-none-eabi/9.2.0/../../../../arm-none-eabi/lib/thumb/v7-m/nofp/libg_nano.a(lib_a-nano-reallocr.o)
                0x0000000008001030                _realloc_r
 .text._sbrk_r  0x000000000800107c       0x20 /usr/lib/gcc/arm-none-eabi/9.2.0/../../../../arm-none-eabi/lib/thumb/v7-m/nofp/libg_nano.a(lib_a-sbrkr.o)
                0x000000000800107c                _sbrk_r
 .text.__malloc_lock
                0x000000000800109c        0xc /usr/lib/gcc/arm-none-eabi/9.2.0/../../../../arm-none-eabi/lib/thumb/v7-m/nofp/libg_nano.a(lib_a-mlock.o)
                0x000000000800109c                __malloc_lock
 .text.__malloc_unlock
                0x00000000080010a8        0xc /usr/lib/gcc/arm-none-eabi/9.2.0/../../../../arm-none-eabi/lib/thumb/v7-m/nofp/libg_nano.a(lib_a-mlock.o)
                0x00000000080010a8                __malloc_unlock
 .text._malloc_usable_size_r
                0x00000000080010b4       0x10 /usr/lib/gcc/arm-none-eabi/9.2.0/../../../../arm-none-eabi/lib/thumb/v7-m/nofp/libg_nano.a(lib_a-nano-msizer.o)
                0x00000000080010b4                _malloc_usable_size_r
 .text.__retarget_lock_acquire_recursive
                0x00000000080010c4        0x2 /usr/lib/gcc/arm-none-eabi/9.2.0/../../../../arm-none-eabi/lib/thumb/v7-m/nofp/libg_nano.a(lib_a-lock.o)
                0x00000000080010c4                __retarget_lock_acquire_recursive
 .text.__retarget_lock_release_recursive
                0x00000000080010c6        0x2 /usr/lib/gcc/arm-none-eabi/9.2.0/../../../../arm-none-eabi/lib/thumb/v7-m/nofp/libg_nano.a(lib_a-lock.o)
                0x00000000080010c6                __retarget_lock_release_recursive
 *(.rodata .rodata.* .constdata .constdata.*)
 .rodata.dumpExceptionStack.str1.4
                0x00000000080010c8      0x11a ./system/src/cortexm/exception_handlers.o
 *fill*         0x00000000080011e2        0x2 
 .rodata.str1.4
                0x00000000080011e4       0x2a ./system/src/cortexm/exception_handlers.o
 *fill*         0x000000000800120e        0x2 
 .rodata.AHBPrescTable
                0x0000000008001210       0x10 ./system/src/cmsis/system_stm32f1xx.o
                0x0000000008001210                AHBPrescTable
 .rodata.main.str1.4
                0x0000000008001220        0x9 ./src/main.o
 .rodata._svfprintf_r.str1.1
                0x0000000008001229       0x11 /usr/lib/gcc/arm-none-eabi/9.2.0/../../../../arm-none-eabi/lib/thumb/v7-m/nofp/libg_nano.a(lib_a-nano-svfprintf.o)
 .rodata._printf_i.str1.1
                0x000000000800123a       0x22 /usr/lib/gcc/arm-none-eabi/9.2.0/../../../../arm-none-eabi/lib/thumb/v7-m/nofp/libg_nano.a(lib_a-nano-vfprintf_i.o)
 *(vtable)
 *(.eh_frame*)
 *(.glue_7)
 .glue_7        0x000000000800125c        0x0 linker stubs
 *(.glue_7t)
 .glue_7t       0x000000000800125c        0x0 linker stubs

.vfp11_veneer   0x000000000800125c        0x0
 .vfp11_veneer  0x000000000800125c        0x0 linker stubs

.v4_bx          0x000000000800125c        0x0
 .v4_bx         0x000000000800125c        0x0 linker stubs

.iplt           0x000000000800125c        0x0
 .iplt          0x000000000800125c        0x0 ./system/src/stm32f1xx/stm32f1xx_hal.o

.rel.dyn        0x000000000800125c        0x0
 .rel.iplt      0x000000000800125c        0x0 ./system/src/stm32f1xx/stm32f1xx_hal.o

.ARM.extab
 *(.ARM.extab* .gnu.linkonce.armextab.*)
                0x000000000800125c                . = ALIGN (0x4)
                0x000000000800125c                __exidx_start = .

.ARM.exidx
 *(.ARM.exidx* .gnu.linkonce.armexidx.*)
                0x000000000800125c                __exidx_end = .
                0x000000000800125c                . = ALIGN (0x4)
                0x000000000800125c                _etext = .
                0x000000000800125c                __etext = .

.data_CCMRAM    0x0000000000000000        0x0 load address 0x000000000800125c
 FILL mask 0xff
 *(.data.CCMRAM .data.CCMRAM.*)
                0x0000000000000000                . = ALIGN (0x4)
                0x000000000800125c                _sidata = LOADADDR (.data)

.data           0x0000000020000000       0x80 load address 0x000000000800125c
 FILL mask 0xff
                0x0000000020000000                _sdata = .
                0x0000000020000000                __data_start__ = .
 *(.data_begin .data_begin.*)
 .data_begin    0x0000000020000000        0x4 ./system/src/newlib/_startup.o
 *(.data .data.*)
 .data.uwTickFreq
                0x0000000020000004        0x1 ./system/src/stm32f1xx/stm32f1xx_hal.o
                0x0000000020000004                uwTickFreq
 *fill*         0x0000000020000005        0x3 ff
 .data.uwTickPrio
                0x0000000020000008        0x4 ./system/src/stm32f1xx/stm32f1xx_hal.o
                0x0000000020000008                uwTickPrio
 .data.argv.4354
                0x000000002000000c        0x8 ./system/src/newlib/_syscalls.o
 .data.SystemCoreClock
                0x0000000020000014        0x4 ./system/src/cmsis/system_stm32f1xx.o
                0x0000000020000014                SystemCoreClock
 .data._impure_ptr
                0x0000000020000018        0x4 /usr/lib/gcc/arm-none-eabi/9.2.0/../../../../arm-none-eabi/lib/thumb/v7-m/nofp/libg_nano.a(lib_a-impure.o)
                0x0000000020000018                _impure_ptr
 .data.impure_data
                0x000000002000001c       0x60 /usr/lib/gcc/arm-none-eabi/9.2.0/../../../../arm-none-eabi/lib/thumb/v7-m/nofp/libg_nano.a(lib_a-impure.o)
 *(.data_end .data_end.*)
 .data_end      0x000000002000007c        0x4 ./system/src/newlib/_startup.o
                0x0000000020000080                . = ALIGN (0x4)
                0x0000000020000080                _edata = .
                0x0000000020000080                __data_end__ = .

.igot.plt       0x0000000020000080        0x0 load address 0x00000000080012dc
 .igot.plt      0x0000000020000080        0x0 ./system/src/stm32f1xx/stm32f1xx_hal.o

.bss_CCMRAM     0x0000000000000000        0x0
 *(.bss.CCMRAM .bss.CCMRAM.*)

.bss            0x0000000020000080       0xac
                0x0000000020000080                __bss_start__ = .
                0x0000000020000080                _sbss = .
 *(.bss_begin .bss_begin.*)
 .bss_begin     0x0000000020000080        0x4 ./system/src/newlib/_startup.o
 *(.bss .bss.*)
 .bss.current_heap_end.3984
                0x0000000020000084        0x4 ./system/src/newlib/_sbrk.o
 .bss.name.4353
                0x0000000020000088        0x1 ./system/src/newlib/_syscalls.o
 *fill*         0x0000000020000089        0x3 
 .bss.buf.5228  0x000000002000008c       0x80 ./system/src/diag/Trace.o
 .bss.__malloc_free_list
                0x000000002000010c        0x4 /usr/lib/gcc/arm-none-eabi/9.2.0/../../../../arm-none-eabi/lib/thumb/v7-m/nofp/libg_nano.a(lib_a-nano-mallocr.o)
                0x000000002000010c                __malloc_free_list
 .bss.__malloc_sbrk_start
                0x0000000020000110        0x4 /usr/lib/gcc/arm-none-eabi/9.2.0/../../../../arm-none-eabi/lib/thumb/v7-m/nofp/libg_nano.a(lib_a-nano-mallocr.o)
                0x0000000020000110                __malloc_sbrk_start
 *(COMMON)
 COMMON         0x0000000020000114        0x4 ./system/src/stm32f1xx/stm32f1xx_hal.o
                0x0000000020000114                uwTick
 COMMON         0x0000000020000118        0x4 ./system/src/newlib/_syscalls.o
                0x0000000020000118                errno
 COMMON         0x000000002000011c        0x9 /usr/lib/gcc/arm-none-eabi/9.2.0/../../../../arm-none-eabi/lib/thumb/v7-m/nofp/libg_nano.a(lib_a-lock.o)
                0x000000002000011c                __lock___atexit_recursive_mutex
                0x000000002000011d                __lock___arc4random_mutex
                0x000000002000011e                __lock___env_recursive_mutex
                0x000000002000011f                __lock___sinit_recursive_mutex
                0x0000000020000120                __lock___malloc_recursive_mutex
                0x0000000020000121                __lock___at_quick_exit_mutex
                0x0000000020000122                __lock___dd_hash_mutex
                0x0000000020000123                __lock___tz_mutex
                0x0000000020000124                __lock___sfp_recursive_mutex
 *(.bss_end .bss_end.*)
 *fill*         0x0000000020000125        0x3 
 .bss_end       0x0000000020000128        0x4 ./system/src/newlib/_startup.o
                0x000000002000012c                . = ALIGN (0x4)
                0x000000002000012c                __bss_end__ = .
                0x000000002000012c                _ebss = .

.noinit_CCMRAM
 *(.noinit.CCMRAM .noinit.CCMRAM.*)

.noinit         0x000000002000012c        0x0
                0x000000002000012c                _noinit = .
 *(.noinit .noinit.*)
                0x000000002000012c                . = ALIGN (0x4)
                0x000000002000012c                _end_noinit = .
                [!provide]                        PROVIDE (end = _end_noinit)
                [!provide]                        PROVIDE (_end = _end_noinit)
                [!provide]                        PROVIDE (__end = _end_noinit)
                [!provide]                        PROVIDE (__end__ = _end_noinit)

._check_stack   0x000000002000012c      0x100
                0x000000002000022c                . = (. + _Minimum_Stack_Size)
 *fill*         0x000000002000012c      0x100 

.b1text
 *(.b1text)
 *(.b1rodata)
 *(.b1rodata.*)

.eb0text
 *(.eb0text)
 *(.eb0rodata)
 *(.eb0rodata.*)

.eb1text
 *(.eb1text)
 *(.eb1rodata)
 *(.eb1rodata.*)

.eb2text
 *(.eb2text)
 *(.eb2rodata)
 *(.eb2rodata.*)

.eb3text
 *(.eb3text)
 *(.eb3rodata)
 *(.eb3rodata.*)

.stab
 *(.stab)

.stabstr
 *(.stabstr)

.stab.excl
 *(.stab.excl)

.stab.exclstr
 *(.stab.exclstr)

.stab.index
 *(.stab.index)

.stab.indexstr
 *(.stab.indexstr)

.comment        0x0000000000000000       0x1d
 *(.comment)
 .comment       0x0000000000000000       0x1d ./system/src/stm32f1xx/stm32f1xx_hal.o
                                         0x1e (size before relaxing)
 .comment       0x000000000000001d       0x1e ./system/src/stm32f1xx/stm32f1xx_hal_cortex.o
 .comment       0x000000000000001d       0x1e ./system/src/newlib/_exit.o
 .comment       0x000000000000001d       0x1e ./system/src/newlib/_sbrk.o
 .comment       0x000000000000001d       0x1e ./system/src/newlib/_startup.o
 .comment       0x000000000000001d       0x1e ./system/src/newlib/_syscalls.o
 .comment       0x000000000000001d       0x1e ./system/src/diag/Trace.o
 .comment       0x000000000000001d       0x1e ./system/src/diag/trace_impl.o
 .comment       0x000000000000001d       0x1e ./system/src/cortexm/_initialize_hardware.o
 .comment       0x000000000000001d       0x1e ./system/src/cortexm/exception_handlers.o
 .comment       0x000000000000001d       0x1e ./system/src/cmsis/system_stm32f1xx.o
 .comment       0x000000000000001d       0x1e ./src/main.o
 .comment       0x000000000000001d       0x1e ./src/stm32f1xx_hal_msp.o
 .comment       0x000000000000001d       0x1e ./src/stm32f1xx_it.o

.ARM.attributes
                0x0000000000000000       0x2b
 .ARM.attributes
                0x0000000000000000       0x2d ./system/src/stm32f1xx/stm32f1xx_hal.o
 .ARM.attributes
                0x000000000000002d       0x2d ./system/src/stm32f1xx/stm32f1xx_hal_cortex.o
 .ARM.attributes
                0x000000000000005a       0x2d ./system/src/newlib/_exit.o
 .ARM.attributes
                0x0000000000000087       0x2d ./system/src/newlib/_sbrk.o
 .ARM.attributes
                0x00000000000000b4       0x2d ./system/src/newlib/_startup.o
 .ARM.attributes
                0x00000000000000e1       0x2d ./system/src/newlib/_syscalls.o
 .ARM.attributes
                0x000000000000010e       0x2d ./system/src/diag/Trace.o
 .ARM.attributes
                0x000000000000013b       0x2d ./system/src/diag/trace_impl.o
 .ARM.attributes
                0x0000000000000168       0x2d ./system/src/cortexm/_initialize_hardware.o
 .ARM.attributes
                0x0000000000000195       0x2d ./system/src/cortexm/exception_handlers.o
 .ARM.attributes
                0x00000000000001c2       0x21 ./system/src/cmsis/startup_stm32f103xb.o
 .ARM.attributes
                0x00000000000001e3       0x2d ./system/src/cmsis/system_stm32f1xx.o
 .ARM.attributes
                0x0000000000000210       0x2d ./src/main.o
 .ARM.attributes
                0x000000000000023d       0x2d ./src/stm32f1xx_hal_msp.o
 .ARM.attributes
                0x000000000000026a       0x2d ./src/stm32f1xx_it.o
 .ARM.attributes
                0x0000000000000297       0x2d /usr/lib/gcc/arm-none-eabi/9.2.0/../../../../arm-none-eabi/lib/thumb/v7-m/nofp/libg_nano.a(lib_a-errno.o)
 .ARM.attributes
                0x00000000000002c4       0x2d /usr/lib/gcc/arm-none-eabi/9.2.0/../../../../arm-none-eabi/lib/thumb/v7-m/nofp/libg_nano.a(lib_a-impure.o)
 .ARM.attributes
                0x00000000000002f1       0x2d /usr/lib/gcc/arm-none-eabi/9.2.0/../../../../arm-none-eabi/lib/thumb/v7-m/nofp/libg_nano.a(lib_a-memcpy-stub.o)
 .ARM.attributes
                0x000000000000031e       0x2d /usr/lib/gcc/arm-none-eabi/9.2.0/../../../../arm-none-eabi/lib/thumb/v7-m/nofp/libg_nano.a(lib_a-vsnprintf.o)
 .ARM.attributes
                0x000000000000034b       0x2d /usr/lib/gcc/arm-none-eabi/9.2.0/../../../../arm-none-eabi/lib/thumb/v7-m/nofp/libg_nano.a(lib_a-nano-svfprintf.o)
 .ARM.attributes
                0x0000000000000378       0x2d /usr/lib/gcc/arm-none-eabi/9.2.0/../../../../arm-none-eabi/lib/thumb/v7-m/nofp/libg_nano.a(lib_a-nano-vfprintf_i.o)
 .ARM.attributes
                0x00000000000003a5       0x2d /usr/lib/gcc/arm-none-eabi/9.2.0/../../../../arm-none-eabi/lib/thumb/v7-m/nofp/libg_nano.a(lib_a-memchr-stub.o)
 .ARM.attributes
                0x00000000000003d2       0x2d /usr/lib/gcc/arm-none-eabi/9.2.0/../../../../arm-none-eabi/lib/thumb/v7-m/nofp/libg_nano.a(lib_a-memmove.o)
 .ARM.attributes
                0x00000000000003ff       0x2d /usr/lib/gcc/arm-none-eabi/9.2.0/../../../../arm-none-eabi/lib/thumb/v7-m/nofp/libg_nano.a(lib_a-nano-freer.o)
 .ARM.attributes
                0x000000000000042c       0x2d /usr/lib/gcc/arm-none-eabi/9.2.0/../../../../arm-none-eabi/lib/thumb/v7-m/nofp/libg_nano.a(lib_a-nano-mallocr.o)
 .ARM.attributes
                0x0000000000000459       0x2d /usr/lib/gcc/arm-none-eabi/9.2.0/../../../../arm-none-eabi/lib/thumb/v7-m/nofp/libg_nano.a(lib_a-nano-reallocr.o)
 .ARM.attributes
                0x0000000000000486       0x2d /usr/lib/gcc/arm-none-eabi/9.2.0/../../../../arm-none-eabi/lib/thumb/v7-m/nofp/libg_nano.a(lib_a-sbrkr.o)
 .ARM.attributes
                0x00000000000004b3       0x2d /usr/lib/gcc/arm-none-eabi/9.2.0/../../../../arm-none-eabi/lib/thumb/v7-m/nofp/libg_nano.a(lib_a-mlock.o)
 .ARM.attributes
                0x00000000000004e0       0x2d /usr/lib/gcc/arm-none-eabi/9.2.0/../../../../arm-none-eabi/lib/thumb/v7-m/nofp/libg_nano.a(lib_a-nano-msizer.o)
 .ARM.attributes
                0x000000000000050d       0x2d /usr/lib/gcc/arm-none-eabi/9.2.0/../../../../arm-none-eabi/lib/thumb/v7-m/nofp/libg_nano.a(lib_a-lock.o)

.debug
 *(.debug)

.line
 *(.line)

.debug_srcinfo
 *(.debug_srcinfo)

.debug_sfnames
 *(.debug_sfnames)

.debug_aranges  0x0000000000000000      0x438
 *(.debug_aranges)
 .debug_aranges
                0x0000000000000000       0xd0 ./system/src/stm32f1xx/stm32f1xx_hal.o
 .debug_aranges
                0x00000000000000d0       0x90 ./system/src/stm32f1xx/stm32f1xx_hal_cortex.o
 .debug_aranges
                0x0000000000000160       0x28 ./system/src/newlib/_exit.o
 .debug_aranges
                0x0000000000000188       0x20 ./system/src/newlib/_sbrk.o
 .debug_aranges
                0x00000000000001a8       0x40 ./system/src/newlib/_startup.o
 .debug_aranges
                0x00000000000001e8       0x30 ./system/src/newlib/_syscalls.o
 .debug_aranges
                0x0000000000000218       0x38 ./system/src/diag/Trace.o
 .debug_aranges
                0x0000000000000250       0x30 ./system/src/diag/trace_impl.o
 .debug_aranges
                0x0000000000000280       0x28 ./system/src/cortexm/_initialize_hardware.o
 .debug_aranges
                0x00000000000002a8       0x90 ./system/src/cortexm/exception_handlers.o
 .debug_aranges
                0x0000000000000338       0x28 ./system/src/cmsis/startup_stm32f103xb.o
 .debug_aranges
                0x0000000000000360       0x28 ./system/src/cmsis/system_stm32f1xx.o
 .debug_aranges
                0x0000000000000388       0x30 ./src/main.o
 .debug_aranges
                0x00000000000003b8       0x20 ./src/stm32f1xx_hal_msp.o
 .debug_aranges
                0x00000000000003d8       0x60 ./src/stm32f1xx_it.o

.debug_pubnames
 *(.debug_pubnames)

.debug_info     0x0000000000000000     0x958a
 *(.debug_info .gnu.linkonce.wi.*)
 .debug_info    0x0000000000000000      0xfeb ./system/src/stm32f1xx/stm32f1xx_hal.o
 .debug_info    0x0000000000000feb     0x16a6 ./system/src/stm32f1xx/stm32f1xx_hal_cortex.o
 .debug_info    0x0000000000002691      0x9e7 ./system/src/newlib/_exit.o
 .debug_info    0x0000000000003078      0x9d4 ./system/src/newlib/_sbrk.o
 .debug_info    0x0000000000003a4c      0x4ae ./system/src/newlib/_startup.o
 .debug_info    0x0000000000003efa      0xab9 ./system/src/newlib/_syscalls.o
 .debug_info    0x00000000000049b3      0xbdb ./system/src/diag/Trace.o
 .debug_info    0x000000000000558e      0x3fd ./system/src/diag/trace_impl.o
 .debug_info    0x000000000000598b      0x31d ./system/src/cortexm/_initialize_hardware.o
 .debug_info    0x0000000000005ca8     0x12c2 ./system/src/cortexm/exception_handlers.o
 .debug_info    0x0000000000006f6a       0x22 ./system/src/cmsis/startup_stm32f103xb.o
 .debug_info    0x0000000000006f8c      0x40a ./system/src/cmsis/system_stm32f1xx.o
 .debug_info    0x0000000000007396      0xc6c ./src/main.o
 .debug_info    0x0000000000008002      0xade ./src/stm32f1xx_hal_msp.o
 .debug_info    0x0000000000008ae0      0xaaa ./src/stm32f1xx_it.o

.debug_abbrev   0x0000000000000000     0x2206
 *(.debug_abbrev)
 .debug_abbrev  0x0000000000000000      0x34e ./system/src/stm32f1xx/stm32f1xx_hal.o
 .debug_abbrev  0x000000000000034e      0x44a ./system/src/stm32f1xx/stm32f1xx_hal_cortex.o
 .debug_abbrev  0x0000000000000798      0x222 ./system/src/newlib/_exit.o
 .debug_abbrev  0x00000000000009ba      0x232 ./system/src/newlib/_sbrk.o
 .debug_abbrev  0x0000000000000bec      0x1b1 ./system/src/newlib/_startup.o
 .debug_abbrev  0x0000000000000d9d      0x26d ./system/src/newlib/_syscalls.o
 .debug_abbrev  0x000000000000100a      0x2c6 ./system/src/diag/Trace.o
 .debug_abbrev  0x00000000000012d0      0x218 ./system/src/diag/trace_impl.o
 .debug_abbrev  0x00000000000014e8       0xfc ./system/src/cortexm/_initialize_hardware.o
 .debug_abbrev  0x00000000000015e4      0x372 ./system/src/cortexm/exception_handlers.o
 .debug_abbrev  0x0000000000001956       0x12 ./system/src/cmsis/startup_stm32f103xb.o
 .debug_abbrev  0x0000000000001968      0x154 ./system/src/cmsis/system_stm32f1xx.o
 .debug_abbrev  0x0000000000001abc      0x2f0 ./src/main.o
 .debug_abbrev  0x0000000000001dac      0x22b ./src/stm32f1xx_hal_msp.o
 .debug_abbrev  0x0000000000001fd7      0x22f ./src/stm32f1xx_it.o

.debug_line     0x0000000000000000     0x3f1d
 *(.debug_line)
 .debug_line    0x0000000000000000      0x765 ./system/src/stm32f1xx/stm32f1xx_hal.o
 .debug_line    0x0000000000000765      0x89f ./system/src/stm32f1xx/stm32f1xx_hal_cortex.o
 .debug_line    0x0000000000001004      0x2a5 ./system/src/newlib/_exit.o
 .debug_line    0x00000000000012a9      0x28f ./system/src/newlib/_sbrk.o
 .debug_line    0x0000000000001538      0x513 ./system/src/newlib/_startup.o
 .debug_line    0x0000000000001a4b      0x36d ./system/src/newlib/_syscalls.o
 .debug_line    0x0000000000001db8      0x381 ./system/src/diag/Trace.o
 .debug_line    0x0000000000002139      0x427 ./system/src/diag/trace_impl.o
 .debug_line    0x0000000000002560      0x188 ./system/src/cortexm/_initialize_hardware.o
 .debug_line    0x00000000000026e8      0x651 ./system/src/cortexm/exception_handlers.o
 .debug_line    0x0000000000002d39       0x86 ./system/src/cmsis/startup_stm32f103xb.o
 .debug_line    0x0000000000002dbf      0x243 ./system/src/cmsis/system_stm32f1xx.o
 .debug_line    0x0000000000003002      0x52b ./src/main.o
 .debug_line    0x000000000000352d      0x488 ./src/stm32f1xx_hal_msp.o
 .debug_line    0x00000000000039b5      0x568 ./src/stm32f1xx_it.o

.debug_frame    0x0000000000000000      0xb90
 *(.debug_frame)
 .debug_frame   0x0000000000000000      0x1ac ./system/src/stm32f1xx/stm32f1xx_hal.o
 .debug_frame   0x00000000000001ac      0x12c ./system/src/stm32f1xx/stm32f1xx_hal_cortex.o
 .debug_frame   0x00000000000002d8       0x38 ./system/src/newlib/_exit.o
 .debug_frame   0x0000000000000310       0x28 ./system/src/newlib/_sbrk.o
 .debug_frame   0x0000000000000338       0x7c ./system/src/newlib/_startup.o
 .debug_frame   0x00000000000003b4       0x50 ./system/src/newlib/_syscalls.o
 .debug_frame   0x0000000000000404       0x94 ./system/src/diag/Trace.o
 .debug_frame   0x0000000000000498       0x64 ./system/src/diag/trace_impl.o
 .debug_frame   0x00000000000004fc       0x40 ./system/src/cortexm/_initialize_hardware.o
 .debug_frame   0x000000000000053c      0x158 ./system/src/cortexm/exception_handlers.o
 .debug_frame   0x0000000000000694       0x30 ./system/src/cmsis/system_stm32f1xx.o
 .debug_frame   0x00000000000006c4       0x58 ./src/main.o
 .debug_frame   0x000000000000071c       0x28 ./src/stm32f1xx_hal_msp.o
 .debug_frame   0x0000000000000744       0xa8 ./src/stm32f1xx_it.o
 .debug_frame   0x00000000000007ec       0x20 /usr/lib/gcc/arm-none-eabi/9.2.0/../../../../arm-none-eabi/lib/thumb/v7-m/nofp/libg_nano.a(lib_a-errno.o)
 .debug_frame   0x000000000000080c       0x28 /usr/lib/gcc/arm-none-eabi/9.2.0/../../../../arm-none-eabi/lib/thumb/v7-m/nofp/libg_nano.a(lib_a-memcpy-stub.o)
 .debug_frame   0x0000000000000834       0x4c /usr/lib/gcc/arm-none-eabi/9.2.0/../../../../arm-none-eabi/lib/thumb/v7-m/nofp/libg_nano.a(lib_a-vsnprintf.o)
 .debug_frame   0x0000000000000880       0x90 /usr/lib/gcc/arm-none-eabi/9.2.0/../../../../arm-none-eabi/lib/thumb/v7-m/nofp/libg_nano.a(lib_a-nano-svfprintf.o)
 .debug_frame   0x0000000000000910       0x60 /usr/lib/gcc/arm-none-eabi/9.2.0/../../../../arm-none-eabi/lib/thumb/v7-m/nofp/libg_nano.a(lib_a-nano-vfprintf_i.o)
 .debug_frame   0x0000000000000970       0x28 /usr/lib/gcc/arm-none-eabi/9.2.0/../../../../arm-none-eabi/lib/thumb/v7-m/nofp/libg_nano.a(lib_a-memchr-stub.o)
 .debug_frame   0x0000000000000998       0x28 /usr/lib/gcc/arm-none-eabi/9.2.0/../../../../arm-none-eabi/lib/thumb/v7-m/nofp/libg_nano.a(lib_a-memmove.o)
 .debug_frame   0x00000000000009c0       0x38 /usr/lib/gcc/arm-none-eabi/9.2.0/../../../../arm-none-eabi/lib/thumb/v7-m/nofp/libg_nano.a(lib_a-nano-freer.o)
 .debug_frame   0x00000000000009f8       0x30 /usr/lib/gcc/arm-none-eabi/9.2.0/../../../../arm-none-eabi/lib/thumb/v7-m/nofp/libg_nano.a(lib_a-nano-mallocr.o)
 .debug_frame   0x0000000000000a28       0x3c /usr/lib/gcc/arm-none-eabi/9.2.0/../../../../arm-none-eabi/lib/thumb/v7-m/nofp/libg_nano.a(lib_a-nano-reallocr.o)
 .debug_frame   0x0000000000000a64       0x2c /usr/lib/gcc/arm-none-eabi/9.2.0/../../../../arm-none-eabi/lib/thumb/v7-m/nofp/libg_nano.a(lib_a-sbrkr.o)
 .debug_frame   0x0000000000000a90       0x30 /usr/lib/gcc/arm-none-eabi/9.2.0/../../../../arm-none-eabi/lib/thumb/v7-m/nofp/libg_nano.a(lib_a-mlock.o)
 .debug_frame   0x0000000000000ac0       0x20 /usr/lib/gcc/arm-none-eabi/9.2.0/../../../../arm-none-eabi/lib/thumb/v7-m/nofp/libg_nano.a(lib_a-nano-msizer.o)
 .debug_frame   0x0000000000000ae0       0xb0 /usr/lib/gcc/arm-none-eabi/9.2.0/../../../../arm-none-eabi/lib/thumb/v7-m/nofp/libg_nano.a(lib_a-lock.o)

.debug_str      0x0000000000000000    0x6aeeb
 *(.debug_str)
 .debug_str     0x0000000000000000    0x67ac1 ./system/src/stm32f1xx/stm32f1xx_hal.o
                                      0x67ea2 (size before relaxing)
 .debug_str     0x0000000000067ac1      0x2d5 ./system/src/stm32f1xx/stm32f1xx_hal_cortex.o
                                      0x67e9a (size before relaxing)
 .debug_str     0x0000000000067d96     0x10ff ./system/src/newlib/_exit.o
                                       0x7e27 (size before relaxing)
 .debug_str     0x0000000000068e95      0x4f5 ./system/src/newlib/_sbrk.o
                                       0x71d9 (size before relaxing)
 .debug_str     0x000000000006938a      0x260 ./system/src/newlib/_startup.o
                                       0x6914 (size before relaxing)
 .debug_str     0x00000000000695ea      0xf90 ./system/src/newlib/_syscalls.o
                                       0x81c8 (size before relaxing)
 .debug_str     0x000000000006a57a      0x183 ./system/src/diag/Trace.o
                                       0x859f (size before relaxing)
 .debug_str     0x000000000006a6fd      0x36d ./system/src/diag/trace_impl.o
                                      0x597f4 (size before relaxing)
 .debug_str     0x000000000006aa6a       0x5e ./system/src/cortexm/_initialize_hardware.o
                                      0x556e7 (size before relaxing)
 .debug_str     0x000000000006aac8      0x1a6 ./system/src/cortexm/exception_handlers.o
                                      0x5aa11 (size before relaxing)
 .debug_str     0x000000000006ac6e       0x38 ./system/src/cmsis/startup_stm32f103xb.o
                                         0x67 (size before relaxing)
 .debug_str     0x000000000006aca6       0x7b ./system/src/cmsis/system_stm32f1xx.o
                                      0x5572d (size before relaxing)
 .debug_str     0x000000000006ad21      0x180 ./src/main.o
                                      0x67954 (size before relaxing)
 .debug_str     0x000000000006aea1       0x22 ./src/stm32f1xx_hal_msp.o
                                      0x67803 (size before relaxing)
 .debug_str     0x000000000006aec3       0x28 ./src/stm32f1xx_it.o
                                      0x6785a (size before relaxing)

.debug_loc      0x0000000000000000     0x136e
 *(.debug_loc)
 .debug_loc     0x0000000000000000      0x12c ./system/src/stm32f1xx/stm32f1xx_hal.o
 .debug_loc     0x000000000000012c      0x71f ./system/src/stm32f1xx/stm32f1xx_hal_cortex.o
 .debug_loc     0x000000000000084b       0x15 ./system/src/newlib/_exit.o
 .debug_loc     0x0000000000000860       0x97 ./system/src/newlib/_sbrk.o
 .debug_loc     0x00000000000008f7      0x2de ./system/src/newlib/_startup.o
 .debug_loc     0x0000000000000bd5       0x6f ./system/src/newlib/_syscalls.o
 .debug_loc     0x0000000000000c44      0x118 ./system/src/diag/Trace.o
 .debug_loc     0x0000000000000d5c      0x194 ./system/src/diag/trace_impl.o
 .debug_loc     0x0000000000000ef0      0x35c ./system/src/cortexm/exception_handlers.o
 .debug_loc     0x000000000000124c       0xff ./system/src/cmsis/system_stm32f1xx.o
 .debug_loc     0x000000000000134b       0x23 ./src/main.o

.debug_macinfo
 *(.debug_macinfo)

.debug_weaknames
 *(.debug_weaknames)

.debug_funcnames
 *(.debug_funcnames)

.debug_typenames
 *(.debug_typenames)

.debug_varnames
 *(.debug_varnames)
OUTPUT(Test2.elf elf32-littlearm)

.debug_ranges   0x0000000000000000      0x3e0
 .debug_ranges  0x0000000000000000       0xc0 ./system/src/stm32f1xx/stm32f1xx_hal.o
 .debug_ranges  0x00000000000000c0       0xe0 ./system/src/stm32f1xx/stm32f1xx_hal_cortex.o
 .debug_ranges  0x00000000000001a0       0x18 ./system/src/newlib/_exit.o
 .debug_ranges  0x00000000000001b8       0x10 ./system/src/newlib/_sbrk.o
 .debug_ranges  0x00000000000001c8       0x30 ./system/src/newlib/_startup.o
 .debug_ranges  0x00000000000001f8       0x20 ./system/src/newlib/_syscalls.o
 .debug_ranges  0x0000000000000218       0x28 ./system/src/diag/Trace.o
 .debug_ranges  0x0000000000000240       0x38 ./system/src/diag/trace_impl.o
 .debug_ranges  0x0000000000000278       0x18 ./system/src/cortexm/_initialize_hardware.o
 .debug_ranges  0x0000000000000290       0x98 ./system/src/cortexm/exception_handlers.o
 .debug_ranges  0x0000000000000328       0x20 ./system/src/cmsis/startup_stm32f103xb.o
 .debug_ranges  0x0000000000000348       0x18 ./system/src/cmsis/system_stm32f1xx.o
 .debug_ranges  0x0000000000000360       0x20 ./src/main.o
 .debug_ranges  0x0000000000000380       0x10 ./src/stm32f1xx_hal_msp.o
 .debug_ranges  0x0000000000000390       0x50 ./src/stm32f1xx_it.o

.debug_macro    0x0000000000000000    0x14ff2
 .debug_macro   0x0000000000000000      0x2d0 ./system/src/stm32f1xx/stm32f1xx_hal.o
 .debug_macro   0x00000000000002d0      0xa9c ./system/src/stm32f1xx/stm32f1xx_hal.o
 .debug_macro   0x0000000000000d6c      0x163 ./system/src/stm32f1xx/stm32f1xx_hal.o
 .debug_macro   0x0000000000000ecf       0x2e ./system/src/stm32f1xx/stm32f1xx_hal.o
 .debug_macro   0x0000000000000efd       0x22 ./system/src/stm32f1xx/stm32f1xx_hal.o
 .debug_macro   0x0000000000000f1f      0x34e ./system/src/stm32f1xx/stm32f1xx_hal.o
 .debug_macro   0x000000000000126d       0x34 ./system/src/stm32f1xx/stm32f1xx_hal.o
 .debug_macro   0x00000000000012a1       0x34 ./system/src/stm32f1xx/stm32f1xx_hal.o
 .debug_macro   0x00000000000012d5      0xb8e ./system/src/stm32f1xx/stm32f1xx_hal.o
 .debug_macro   0x0000000000001e63     0xe911 ./system/src/stm32f1xx/stm32f1xx_hal.o
 .debug_macro   0x0000000000010774       0x43 ./system/src/stm32f1xx/stm32f1xx_hal.o
 .debug_macro   0x00000000000107b7       0x22 ./system/src/stm32f1xx/stm32f1xx_hal.o
 .debug_macro   0x00000000000107d9       0x58 ./system/src/stm32f1xx/stm32f1xx_hal.o
 .debug_macro   0x0000000000010831       0x18 ./system/src/stm32f1xx/stm32f1xx_hal.o
 .debug_macro   0x0000000000010849       0x94 ./system/src/stm32f1xx/stm32f1xx_hal.o
 .debug_macro   0x00000000000108dd       0x35 ./system/src/stm32f1xx/stm32f1xx_hal.o
 .debug_macro   0x0000000000010912       0x34 ./system/src/stm32f1xx/stm32f1xx_hal.o
 .debug_macro   0x0000000000010946       0x16 ./system/src/stm32f1xx/stm32f1xx_hal.o
 .debug_macro   0x000000000001095c       0x57 ./system/src/stm32f1xx/stm32f1xx_hal.o
 .debug_macro   0x00000000000109b3       0x97 ./system/src/stm32f1xx/stm32f1xx_hal.o
 .debug_macro   0x0000000000010a4a      0x339 ./system/src/stm32f1xx/stm32f1xx_hal.o
 .debug_macro   0x0000000000010d83       0xfd ./system/src/stm32f1xx/stm32f1xx_hal.o
 .debug_macro   0x0000000000010e80       0x10 ./system/src/stm32f1xx/stm32f1xx_hal.o
 .debug_macro   0x0000000000010e90       0x58 ./system/src/stm32f1xx/stm32f1xx_hal.o
 .debug_macro   0x0000000000010ee8       0x1f ./system/src/stm32f1xx/stm32f1xx_hal.o
 .debug_macro   0x0000000000010f07       0x43 ./system/src/stm32f1xx/stm32f1xx_hal.o
 .debug_macro   0x0000000000010f4a       0x20 ./system/src/stm32f1xx/stm32f1xx_hal.o
 .debug_macro   0x0000000000010f6a      0x18e ./system/src/stm32f1xx/stm32f1xx_hal.o
 .debug_macro   0x00000000000110f8       0x10 ./system/src/stm32f1xx/stm32f1xx_hal.o
 .debug_macro   0x0000000000011108       0x6a ./system/src/stm32f1xx/stm32f1xx_hal.o
 .debug_macro   0x0000000000011172       0x1c ./system/src/stm32f1xx/stm32f1xx_hal.o
 .debug_macro   0x000000000001118e       0x52 ./system/src/stm32f1xx/stm32f1xx_hal.o
 .debug_macro   0x00000000000111e0       0x40 ./system/src/stm32f1xx/stm32f1xx_hal.o
 .debug_macro   0x0000000000011220       0x10 ./system/src/stm32f1xx/stm32f1xx_hal.o
 .debug_macro   0x0000000000011230       0x40 ./system/src/stm32f1xx/stm32f1xx_hal.o
 .debug_macro   0x0000000000011270       0xd7 ./system/src/stm32f1xx/stm32f1xx_hal.o
 .debug_macro   0x0000000000011347       0x1c ./system/src/stm32f1xx/stm32f1xx_hal.o
 .debug_macro   0x0000000000011363       0x3d ./system/src/stm32f1xx/stm32f1xx_hal.o
 .debug_macro   0x00000000000113a0       0x16 ./system/src/stm32f1xx/stm32f1xx_hal.o
 .debug_macro   0x00000000000113b6      0x16f ./system/src/stm32f1xx/stm32f1xx_hal.o
 .debug_macro   0x0000000000011525       0x57 ./system/src/stm32f1xx/stm32f1xx_hal.o
 .debug_macro   0x000000000001157c      0x5c2 ./system/src/stm32f1xx/stm32f1xx_hal.o
 .debug_macro   0x0000000000011b3e      0x28a ./system/src/stm32f1xx/stm32f1xx_hal.o
 .debug_macro   0x0000000000011dc8      0x1cb ./system/src/stm32f1xx/stm32f1xx_hal.o
 .debug_macro   0x0000000000011f93      0x11e ./system/src/stm32f1xx/stm32f1xx_hal.o
 .debug_macro   0x00000000000120b1      0x1b3 ./system/src/stm32f1xx/stm32f1xx_hal.o
 .debug_macro   0x0000000000012264       0x27 ./system/src/stm32f1xx/stm32f1xx_hal.o
 .debug_macro   0x000000000001228b      0x1bc ./system/src/stm32f1xx/stm32f1xx_hal.o
 .debug_macro   0x0000000000012447       0x34 ./system/src/stm32f1xx/stm32f1xx_hal.o
 .debug_macro   0x000000000001247b       0x3c ./system/src/stm32f1xx/stm32f1xx_hal.o
 .debug_macro   0x00000000000124b7       0x57 ./system/src/stm32f1xx/stm32f1xx_hal.o
 .debug_macro   0x000000000001250e       0x8c ./system/src/stm32f1xx/stm32f1xx_hal.o
 .debug_macro   0x000000000001259a      0x242 ./system/src/stm32f1xx/stm32f1xx_hal.o
 .debug_macro   0x00000000000127dc      0x143 ./system/src/stm32f1xx/stm32f1xx_hal.o
 .debug_macro   0x000000000001291f       0x83 ./system/src/stm32f1xx/stm32f1xx_hal.o
 .debug_macro   0x00000000000129a2      0x2ac ./system/src/stm32f1xx/stm32f1xx_hal_cortex.o
 .debug_macro   0x0000000000012c4e      0x1b4 ./system/src/newlib/_exit.o
 .debug_macro   0x0000000000012e02      0x10e ./system/src/newlib/_exit.o
 .debug_macro   0x0000000000012f10       0x8d ./system/src/newlib/_exit.o
 .debug_macro   0x0000000000012f9d       0x35 ./system/src/newlib/_exit.o
 .debug_macro   0x0000000000012fd2      0x169 ./system/src/newlib/_sbrk.o
 .debug_macro   0x000000000001313b      0x174 ./system/src/newlib/_sbrk.o
 .debug_macro   0x00000000000132af       0x10 ./system/src/newlib/_sbrk.o
 .debug_macro   0x00000000000132bf      0x23b ./system/src/newlib/_sbrk.o
 .debug_macro   0x00000000000134fa      0x173 ./system/src/newlib/_startup.o
 .debug_macro   0x000000000001366d      0x226 ./system/src/newlib/_syscalls.o
 .debug_macro   0x0000000000013893       0x1c ./system/src/newlib/_syscalls.o
 .debug_macro   0x00000000000138af       0x10 ./system/src/newlib/_syscalls.o
 .debug_macro   0x00000000000138bf       0x10 ./system/src/newlib/_syscalls.o
 .debug_macro   0x00000000000138cf       0x10 ./system/src/newlib/_syscalls.o
 .debug_macro   0x00000000000138df       0x35 ./system/src/newlib/_syscalls.o
 .debug_macro   0x0000000000013914      0x122 ./system/src/newlib/_syscalls.o
 .debug_macro   0x0000000000013a36       0x88 ./system/src/newlib/_syscalls.o
 .debug_macro   0x0000000000013abe       0x7c ./system/src/newlib/_syscalls.o
 .debug_macro   0x0000000000013b3a       0x17 ./system/src/newlib/_syscalls.o
 .debug_macro   0x0000000000013b51      0x118 ./system/src/newlib/_syscalls.o
 .debug_macro   0x0000000000013c69      0x189 ./system/src/newlib/_syscalls.o
 .debug_macro   0x0000000000013df2       0x16 ./system/src/newlib/_syscalls.o
 .debug_macro   0x0000000000013e08      0x1fb ./system/src/diag/Trace.o
 .debug_macro   0x0000000000014003       0x4c ./system/src/diag/Trace.o
 .debug_macro   0x000000000001404f       0x16 ./system/src/diag/Trace.o
 .debug_macro   0x0000000000014065      0x1f9 ./system/src/diag/trace_impl.o
 .debug_macro   0x000000000001425e       0x10 ./system/src/diag/trace_impl.o
 .debug_macro   0x000000000001426e       0xcf ./system/src/diag/trace_impl.o
 .debug_macro   0x000000000001433d       0xbe ./system/src/diag/trace_impl.o
 .debug_macro   0x00000000000143fb       0x22 ./system/src/diag/trace_impl.o
 .debug_macro   0x000000000001441d       0x8a ./system/src/cortexm/_initialize_hardware.o
 .debug_macro   0x00000000000144a7      0x243 ./system/src/cortexm/exception_handlers.o
 .debug_macro   0x00000000000146ea       0x3a ./system/src/cortexm/exception_handlers.o
 .debug_macro   0x0000000000014724       0x10 ./system/src/cortexm/exception_handlers.o
 .debug_macro   0x0000000000014734       0x92 ./system/src/cmsis/system_stm32f1xx.o
 .debug_macro   0x00000000000147c6      0x2b6 ./src/main.o
 .debug_macro   0x0000000000014a7c      0x2b6 ./src/stm32f1xx_hal_msp.o
 .debug_macro   0x0000000000014d32      0x2c0 ./src/stm32f1xx_it.o
