core_cm4.h:1676:26:__NVIC_GetPriorityGrouping	4	static
core_cm4.h:1688:22:__NVIC_EnableIRQ	16	static
core_cm4.h:1816:22:__NVIC_SetPriority	16	static
core_cm4.h:1863:26:NVIC_EncodePriority	40	static
stm32f4xx_ll_usart.h:409:22:LL_USART_Enable	16	static
stm32f4xx_ll_usart.h:1478:22:LL_USART_ConfigAsyncMode	16	static
stm32f4xx_ll_bus.h:411:22:LL_AHB1_GRP1_EnableClock	24	static
stm32f4xx_ll_bus.h:1187:22:LL_APB1_GRP1_EnableClock	24	static
stm32f4xx_ll_dma.h:586:22:LL_DMA_SetDataTransferDirection	24	static
stm32f4xx_ll_dma.h:634:22:LL_DMA_SetMode	24	static
stm32f4xx_ll_dma.h:681:22:LL_DMA_SetPeriphIncMode	24	static
stm32f4xx_ll_dma.h:726:22:LL_DMA_SetMemoryIncMode	24	static
stm32f4xx_ll_dma.h:772:22:LL_DMA_SetPeriphSize	24	static
stm32f4xx_ll_dma.h:819:22:LL_DMA_SetMemorySize	24	static
stm32f4xx_ll_dma.h:912:22:LL_DMA_SetStreamPriorityLevel	24	static
stm32f4xx_ll_dma.h:1010:22:LL_DMA_SetChannelSelection	24	static
stm32f4xx_ll_dma.h:1267:22:LL_DMA_DisableFifoMode	16	static
main.c:73:5:main	8	static
main.c:120:6:SystemClock_Config	104	static
main.c:172:13:MX_RTC_Init	32	static
main.c:234:13:MX_USART1_UART_Init	8	static
main.c:267:13:MX_USART2_UART_Init	64	static
main.c:337:13:MX_DMA_Init	16	static
main.c:355:13:MX_GPIO_Init	24	static
main.c:373:6:Error_Handler	4	static
