stm32f4xx_ll_usart.h:409:22:LL_USART_Enable	16	static
stm32f4xx_ll_usart.h:423:22:LL_USART_Disable	16	static
stm32f4xx_ll_usart.h:2034:22:LL_USART_EnableIT_RXNE	16	static
stm32f4xx_ll_usart.h:2315:22:LL_USART_EnableDMAReq_RX	16	static
stm32f4xx_ll_usart.h:2382:26:LL_USART_DMA_GetRegAddr	16	static
stm32f4xx_ll_dma.h:485:22:LL_DMA_EnableStream	16	static
stm32f4xx_ll_dma.h:959:22:LL_DMA_SetDataLength	24	static
stm32f4xx_ll_dma.h:1427:22:LL_DMA_SetMemoryAddress	24	static
stm32f4xx_ll_dma.h:1450:22:LL_DMA_SetPeriphAddress	24	static
app_main.c:23:13:on_ubx_packet	16	static
app_main.c:49:13:poll_gps_dma	24	static
app_main.c:73:5:app_main	8	static
